16:03:55 **** Incremental Build of configuration Debug for project nortos_udp_lb ****
make all 
make: Nothing to be done for 'all'.
16:05:25 **** Auto Build of configuration Debug for project nortos_udp_lb ****
make all 
Building file: ../src/echo.c
Invoking: MicroBlaze gcc compiler
mb-gcc -Wall -O0 -g3 -c -fmessage-length=0 -MT"src/echo.o" -I../../nortos_udp_lb_bsp/microblaze_0/include -mlittle-endian -mcpu=v11.0 -mxl-soft-mul -Wl,--no-relax -ffunction-sections -fdata-sections -MMD -MP -MF"src/echo.d" -MT"src/echo.o" -o "src/echo.o" "../src/echo.c"
Finished building: ../src/echo.c
 
Building target: nortos_udp_lb.elf
Invoking: MicroBlaze gcc linker
mb-gcc -Wl,-T -Wl,../src/lscript.ld -L../../nortos_udp_lb_bsp/microblaze_0/lib -mlittle-endian -mcpu=v11.0 -mxl-soft-mul -Wl,--no-relax -Wl,--gc-sections -o "nortos_udp_lb.elf"  ./src/echo.o ./src/i2c_access.o ./src/iic_phyreset.o ./src/main.o ./src/platform.o ./src/platform_mb.o ./src/platform_ppc.o ./src/platform_zynq.o ./src/platform_zynqmp.o ./src/sfp.o ./src/si5324.o   -Wl,--start-group,-lxil,-lgcc,-lc,--end-group -Wl,--start-group,-lxil,-llwip4,-lgcc,-lc,--end-group
Finished building target: nortos_udp_lb.elf
 
Invoking: MicroBlaze Print Size
mb-size nortos_udp_lb.elf  |tee "nortos_udp_lb.elf.size"
   text	   data	    bss	    dec	    hex	filename
  92648	   1428	3962276	4056352	 3de520	nortos_udp_lb.elf
Finished building: nortos_udp_lb.elf.size
 
16:27:05 **** Auto Build of configuration Debug for project nortos_udp_lb ****
make all 
Building file: ../src/echo.c
Invoking: MicroBlaze gcc compiler
mb-gcc -Wall -O0 -g3 -c -fmessage-length=0 -MT"src/echo.o" -I../../nortos_udp_lb_bsp/microblaze_0/include -mlittle-endian -mcpu=v11.0 -mxl-soft-mul -Wl,--no-relax -ffunction-sections -fdata-sections -MMD -MP -MF"src/echo.d" -MT"src/echo.o" -o "src/echo.o" "../src/echo.c"
Finished building: ../src/echo.c
 
Building file: ../src/main.c
Invoking: MicroBlaze gcc compiler
mb-gcc -Wall -O0 -g3 -c -fmessage-length=0 -MT"src/main.o" -I../../nortos_udp_lb_bsp/microblaze_0/include -mlittle-endian -mcpu=v11.0 -mxl-soft-mul -Wl,--no-relax -ffunction-sections -fdata-sections -MMD -MP -MF"src/main.d" -MT"src/main.o" -o "src/main.o" "../src/main.c"
Finished building: ../src/main.c
 
Building target: nortos_udp_lb.elf
Invoking: MicroBlaze gcc linker
mb-gcc -Wl,-T -Wl,../src/lscript.ld -L../../nortos_udp_lb_bsp/microblaze_0/lib -mlittle-endian -mcpu=v11.0 -mxl-soft-mul -Wl,--no-relax -Wl,--gc-sections -o "nortos_udp_lb.elf"  ./src/echo.o ./src/i2c_access.o ./src/iic_phyreset.o ./src/main.o ./src/platform.o ./src/platform_mb.o ./src/platform_ppc.o ./src/platform_zynq.o ./src/platform_zynqmp.o ./src/sfp.o ./src/si5324.o   -Wl,--start-group,-lxil,-lgcc,-lc,--end-group -Wl,--start-group,-lxil,-llwip4,-lgcc,-lc,--end-group
./src/main.o:/media/psf/Home/Development/Verilog/ECE532/Lab/group/server/Echo_Server_Demo/project/project.sdk/nortos_udp_lb/Debug/../src/echo.h:16: multiple definition of `CLIENT_REQ_STR'
makefile:36: recipe for target 'nortos_udp_lb.elf' failed
./src/echo.o:/media/psf/Home/Development/Verilog/ECE532/Lab/group/server/Echo_Server_Demo/project/project.sdk/nortos_udp_lb/Debug/../src/echo.h:16: first defined here
./src/main.o:/media/psf/Home/Development/Verilog/ECE532/Lab/group/server/Echo_Server_Demo/project/project.sdk/nortos_udp_lb/Debug/../src/echo.h:17: multiple definition of `CLIENT_DONE_STR'
./src/echo.o:/media/psf/Home/Development/Verilog/ECE532/Lab/group/server/Echo_Server_Demo/project/project.sdk/nortos_udp_lb/Debug/../src/echo.h:17: first defined here
./src/main.o:/media/psf/Home/Development/Verilog/ECE532/Lab/group/server/Echo_Server_Demo/project/project.sdk/nortos_udp_lb/Debug/../src/echo.h:18: multiple definition of `LB_UNAVAILABLE_STR'
./src/echo.o:/media/psf/Home/Development/Verilog/ECE532/Lab/group/server/Echo_Server_Demo/project/project.sdk/nortos_udp_lb/Debug/../src/echo.h:18: first defined here
./src/main.o:/media/psf/Home/Development/Verilog/ECE532/Lab/group/server/Echo_Server_Demo/project/project.sdk/nortos_udp_lb/Debug/../src/echo.h:19: multiple definition of `LB_NOT_EXIST_STR'
./src/echo.o:/media/psf/Home/Development/Verilog/ECE532/Lab/group/server/Echo_Server_Demo/project/project.sdk/nortos_udp_lb/Debug/../src/echo.h:19: first defined here
./src/main.o:/media/psf/Home/Development/Verilog/ECE532/Lab/group/server/Echo_Server_Demo/project/project.sdk/nortos_udp_lb/Debug/../src/echo.h:20: multiple definition of `LB_RETURNED_STR'
./src/echo.o:/media/psf/Home/Development/Verilog/ECE532/Lab/group/server/Echo_Server_Demo/project/project.sdk/nortos_udp_lb/Debug/../src/echo.h:20: first defined here
./src/main.o:/media/psf/Home/Development/Verilog/ECE532/Lab/group/server/Echo_Server_Demo/project/project.sdk/nortos_udp_lb/Debug/../src/echo.h:21: multiple definition of `LB_MALFORMED_STR'
./src/echo.o:/media/psf/Home/Development/Verilog/ECE532/Lab/group/server/Echo_Server_Demo/project/project.sdk/nortos_udp_lb/Debug/../src/echo.h:21: first defined here
collect2: error: ld returned 1 exit status
make: *** [nortos_udp_lb.elf] Error 1
16:27:23 **** Auto Build of configuration Debug for project nortos_udp_lb ****
make all 
Building file: ../src/echo.c
Invoking: MicroBlaze gcc compiler
mb-gcc -Wall -O0 -g3 -c -fmessage-length=0 -MT"src/echo.o" -I../../nortos_udp_lb_bsp/microblaze_0/include -mlittle-endian -mcpu=v11.0 -mxl-soft-mul -Wl,--no-relax -ffunction-sections -fdata-sections -MMD -MP -MF"src/echo.d" -MT"src/echo.o" -o "src/echo.o" "../src/echo.c"
Finished building: ../src/echo.c
 
Building file: ../src/main.c
Invoking: MicroBlaze gcc compiler
mb-gcc -Wall -O0 -g3 -c -fmessage-length=0 -MT"src/main.o" -I../../nortos_udp_lb_bsp/microblaze_0/include -mlittle-endian -mcpu=v11.0 -mxl-soft-mul -Wl,--no-relax -ffunction-sections -fdata-sections -MMD -MP -MF"src/main.d" -MT"src/main.o" -o "src/main.o" "../src/main.c"
Finished building: ../src/main.c
 
Building target: nortos_udp_lb.elf
Invoking: MicroBlaze gcc linker
mb-gcc -Wl,-T -Wl,../src/lscript.ld -L../../nortos_udp_lb_bsp/microblaze_0/lib -mlittle-endian -mcpu=v11.0 -mxl-soft-mul -Wl,--no-relax -Wl,--gc-sections -o "nortos_udp_lb.elf"  ./src/echo.o ./src/i2c_access.o ./src/iic_phyreset.o ./src/main.o ./src/platform.o ./src/platform_mb.o ./src/platform_ppc.o ./src/platform_zynq.o ./src/platform_zynqmp.o ./src/sfp.o ./src/si5324.o   -Wl,--start-group,-lxil,-lgcc,-lc,--end-group -Wl,--start-group,-lxil,-llwip4,-lgcc,-lc,--end-group
./src/main.o:/media/psf/Home/Development/Verilog/ECE532/Lab/group/server/Echo_Server_Demo/project/project.sdk/nortos_udp_lb/Debug/../src/echo.h:16: multiple definition of `CLIENT_REQ_STR'
./src/echo.o:/media/psf/Home/Development/Verilog/ECE532/Lab/group/server/Echo_Server_Demo/project/project.sdk/nortos_udp_lb/Debug/../src/echo.h:16: first defined here
makefile:36: recipe for target 'nortos_udp_lb.elf' failed
./src/main.o:/media/psf/Home/Development/Verilog/ECE532/Lab/group/server/Echo_Server_Demo/project/project.sdk/nortos_udp_lb/Debug/../src/echo.h:17: multiple definition of `CLIENT_DONE_STR'
./src/echo.o:/media/psf/Home/Development/Verilog/ECE532/Lab/group/server/Echo_Server_Demo/project/project.sdk/nortos_udp_lb/Debug/../src/echo.h:17: first defined here
./src/main.o:/media/psf/Home/Development/Verilog/ECE532/Lab/group/server/Echo_Server_Demo/project/project.sdk/nortos_udp_lb/Debug/../src/echo.h:18: multiple definition of `LB_UNAVAILABLE_STR'
./src/echo.o:/media/psf/Home/Development/Verilog/ECE532/Lab/group/server/Echo_Server_Demo/project/project.sdk/nortos_udp_lb/Debug/../src/echo.h:18: first defined here
./src/main.o:/media/psf/Home/Development/Verilog/ECE532/Lab/group/server/Echo_Server_Demo/project/project.sdk/nortos_udp_lb/Debug/../src/echo.h:19: multiple definition of `LB_NOT_EXIST_STR'
./src/echo.o:/media/psf/Home/Development/Verilog/ECE532/Lab/group/server/Echo_Server_Demo/project/project.sdk/nortos_udp_lb/Debug/../src/echo.h:19: first defined here
./src/main.o:/media/psf/Home/Development/Verilog/ECE532/Lab/group/server/Echo_Server_Demo/project/project.sdk/nortos_udp_lb/Debug/../src/echo.h:20: multiple definition of `LB_RETURNED_STR'
./src/echo.o:/media/psf/Home/Development/Verilog/ECE532/Lab/group/server/Echo_Server_Demo/project/project.sdk/nortos_udp_lb/Debug/../src/echo.h:20: first defined here
./src/main.o:/media/psf/Home/Development/Verilog/ECE532/Lab/group/server/Echo_Server_Demo/project/project.sdk/nortos_udp_lb/Debug/../src/echo.h:21: multiple definition of `LB_MALFORMED_STR'
./src/echo.o:/media/psf/Home/Development/Verilog/ECE532/Lab/group/server/Echo_Server_Demo/project/project.sdk/nortos_udp_lb/Debug/../src/echo.h:21: first defined here
collect2: error: ld returned 1 exit status
make: *** [nortos_udp_lb.elf] Error 1
16:31:02 **** Auto Build of configuration Debug for project nortos_udp_lb ****
make all 
Building file: ../src/echo.c
Invoking: MicroBlaze gcc compiler
mb-gcc -Wall -O0 -g3 -c -fmessage-length=0 -MT"src/echo.o" -I../../nortos_udp_lb_bsp/microblaze_0/include -mlittle-endian -mcpu=v11.0 -mxl-soft-mul -Wl,--no-relax -ffunction-sections -fdata-sections -MMD -MP -MF"src/echo.d" -MT"src/echo.o" -o "src/echo.o" "../src/echo.c"
Finished building: ../src/echo.c
 
Building file: ../src/main.c
Invoking: MicroBlaze gcc compiler
mb-gcc -Wall -O0 -g3 -c -fmessage-length=0 -MT"src/main.o" -I../../nortos_udp_lb_bsp/microblaze_0/include -mlittle-endian -mcpu=v11.0 -mxl-soft-mul -Wl,--no-relax -ffunction-sections -fdata-sections -MMD -MP -MF"src/main.d" -MT"src/main.o" -o "src/main.o" "../src/main.c"
Finished building: ../src/main.c
 
Building target: nortos_udp_lb.elf
Invoking: MicroBlaze gcc linker
mb-gcc -Wl,-T -Wl,../src/lscript.ld -L../../nortos_udp_lb_bsp/microblaze_0/lib -mlittle-endian -mcpu=v11.0 -mxl-soft-mul -Wl,--no-relax -Wl,--gc-sections -o "nortos_udp_lb.elf"  ./src/echo.o ./src/i2c_access.o ./src/iic_phyreset.o ./src/main.o ./src/platform.o ./src/platform_mb.o ./src/platform_ppc.o ./src/platform_zynq.o ./src/platform_zynqmp.o ./src/sfp.o ./src/si5324.o   -Wl,--start-group,-lxil,-lgcc,-lc,--end-group -Wl,--start-group,-lxil,-llwip4,-lgcc,-lc,--end-group
Finished building target: nortos_udp_lb.elf
 
Invoking: MicroBlaze Print Size
mb-size nortos_udp_lb.elf  |tee "nortos_udp_lb.elf.size"
   text	   data	    bss	    dec	    hex	filename
  92648	   1428	3962276	4056352	 3de520	nortos_udp_lb.elf
Finished building: nortos_udp_lb.elf.size
 
16:31:11 **** Auto Build of configuration Debug for project nortos_udp_lb ****
make all 
Building file: ../src/echo.c
Invoking: MicroBlaze gcc compiler
mb-gcc -Wall -O0 -g3 -c -fmessage-length=0 -MT"src/echo.o" -I../../nortos_udp_lb_bsp/microblaze_0/include -mlittle-endian -mcpu=v11.0 -mxl-soft-mul -Wl,--no-relax -ffunction-sections -fdata-sections -MMD -MP -MF"src/echo.d" -MT"src/echo.o" -o "src/echo.o" "../src/echo.c"
Finished building: ../src/echo.c
 
Building file: ../src/main.c
Invoking: MicroBlaze gcc compiler
mb-gcc -Wall -O0 -g3 -c -fmessage-length=0 -MT"src/main.o" -I../../nortos_udp_lb_bsp/microblaze_0/include -mlittle-endian -mcpu=v11.0 -mxl-soft-mul -Wl,--no-relax -ffunction-sections -fdata-sections -MMD -MP -MF"src/main.d" -MT"src/main.o" -o "src/main.o" "../src/main.c"
Finished building: ../src/main.c
 
Building target: nortos_udp_lb.elf
Invoking: MicroBlaze gcc linker
mb-gcc -Wl,-T -Wl,../src/lscript.ld -L../../nortos_udp_lb_bsp/microblaze_0/lib -mlittle-endian -mcpu=v11.0 -mxl-soft-mul -Wl,--no-relax -Wl,--gc-sections -o "nortos_udp_lb.elf"  ./src/echo.o ./src/i2c_access.o ./src/iic_phyreset.o ./src/main.o ./src/platform.o ./src/platform_mb.o ./src/platform_ppc.o ./src/platform_zynq.o ./src/platform_zynqmp.o ./src/sfp.o ./src/si5324.o   -Wl,--start-group,-lxil,-lgcc,-lc,--end-group -Wl,--start-group,-lxil,-llwip4,-lgcc,-lc,--end-group
Finished building target: nortos_udp_lb.elf
 
Invoking: MicroBlaze Print Size
mb-size nortos_udp_lb.elf  |tee "nortos_udp_lb.elf.size"
   text	   data	    bss	    dec	    hex	filename
  92648	   1428	3962276	4056352	 3de520	nortos_udp_lb.elf
Finished building: nortos_udp_lb.elf.size
 
16:34:17 **** Auto Build of configuration Debug for project nortos_udp_lb ****
make all 
Building file: ../src/echo.c
Invoking: MicroBlaze gcc compiler
mb-gcc -Wall -O0 -g3 -c -fmessage-length=0 -MT"src/echo.o" -I../../nortos_udp_lb_bsp/microblaze_0/include -mlittle-endian -mcpu=v11.0 -mxl-soft-mul -Wl,--no-relax -ffunction-sections -fdata-sections -MMD -MP -MF"src/echo.d" -MT"src/echo.o" -o "src/echo.o" "../src/echo.c"
Finished building: ../src/echo.c
 
Building file: ../src/main.c
Invoking: MicroBlaze gcc compiler
mb-gcc -Wall -O0 -g3 -c -fmessage-length=0 -MT"src/main.o" -I../../nortos_udp_lb_bsp/microblaze_0/include -mlittle-endian -mcpu=v11.0 -mxl-soft-mul -Wl,--no-relax -ffunction-sections -fdata-sections -MMD -MP -MF"src/main.d" -MT"src/main.o" -o "src/main.o" "../src/main.c"
Finished building: ../src/main.c
 
Building target: nortos_udp_lb.elf
Invoking: MicroBlaze gcc linker
mb-gcc -Wl,-T -Wl,../src/lscript.ld -L../../nortos_udp_lb_bsp/microblaze_0/lib -mlittle-endian -mcpu=v11.0 -mxl-soft-mul -Wl,--no-relax -Wl,--gc-sections -o "nortos_udp_lb.elf"  ./src/echo.o ./src/i2c_access.o ./src/iic_phyreset.o ./src/main.o ./src/platform.o ./src/platform_mb.o ./src/platform_ppc.o ./src/platform_zynq.o ./src/platform_zynqmp.o ./src/sfp.o ./src/si5324.o   -Wl,--start-group,-lxil,-lgcc,-lc,--end-group -Wl,--start-group,-lxil,-llwip4,-lgcc,-lc,--end-group
Finished building target: nortos_udp_lb.elf
 
Invoking: MicroBlaze Print Size
mb-size nortos_udp_lb.elf  |tee "nortos_udp_lb.elf.size"
   text	   data	    bss	    dec	    hex	filename
  92648	   1428	3962276	4056352	 3de520	nortos_udp_lb.elf
Finished building: nortos_udp_lb.elf.size
 
16:35:34 **** Auto Build of configuration Debug for project nortos_udp_lb ****
make all 
Building file: ../src/echo.c
Invoking: MicroBlaze gcc compiler
mb-gcc -Wall -O0 -g3 -c -fmessage-length=0 -MT"src/echo.o" -I../../nortos_udp_lb_bsp/microblaze_0/include -mlittle-endian -mcpu=v11.0 -mxl-soft-mul -Wl,--no-relax -ffunction-sections -fdata-sections -MMD -MP -MF"src/echo.d" -MT"src/echo.o" -o "src/echo.o" "../src/echo.c"
Finished building: ../src/echo.c
 
Building file: ../src/main.c
Invoking: MicroBlaze gcc compiler
mb-gcc -Wall -O0 -g3 -c -fmessage-length=0 -MT"src/main.o" -I../../nortos_udp_lb_bsp/microblaze_0/include -mlittle-endian -mcpu=v11.0 -mxl-soft-mul -Wl,--no-relax -ffunction-sections -fdata-sections -MMD -MP -MF"src/main.d" -MT"src/main.o" -o "src/main.o" "../src/main.c"
Finished building: ../src/main.c
 
Building target: nortos_udp_lb.elf
Invoking: MicroBlaze gcc linker
mb-gcc -Wl,-T -Wl,../src/lscript.ld -L../../nortos_udp_lb_bsp/microblaze_0/lib -mlittle-endian -mcpu=v11.0 -mxl-soft-mul -Wl,--no-relax -Wl,--gc-sections -o "nortos_udp_lb.elf"  ./src/echo.o ./src/i2c_access.o ./src/iic_phyreset.o ./src/main.o ./src/platform.o ./src/platform_mb.o ./src/platform_ppc.o ./src/platform_zynq.o ./src/platform_zynqmp.o ./src/sfp.o ./src/si5324.o   -Wl,--start-group,-lxil,-lgcc,-lc,--end-group -Wl,--start-group,-lxil,-llwip4,-lgcc,-lc,--end-group
Finished building target: nortos_udp_lb.elf
 
Invoking: MicroBlaze Print Size
mb-size nortos_udp_lb.elf  |tee "nortos_udp_lb.elf.size"
   text	   data	    bss	    dec	    hex	filename
  92648	   1428	3962276	4056352	 3de520	nortos_udp_lb.elf
Finished building: nortos_udp_lb.elf.size
 
16:36:01 **** Auto Build of configuration Debug for project nortos_udp_lb ****
make all 
Building file: ../src/echo.c
Invoking: MicroBlaze gcc compiler
mb-gcc -Wall -O0 -g3 -c -fmessage-length=0 -MT"src/echo.o" -I../../nortos_udp_lb_bsp/microblaze_0/include -mlittle-endian -mcpu=v11.0 -mxl-soft-mul -Wl,--no-relax -ffunction-sections -fdata-sections -MMD -MP -MF"src/echo.d" -MT"src/echo.o" -o "src/echo.o" "../src/echo.c"
../src/echo.c:130:1: error: expected '=', ',', ';', 'asm' or '__attribute__' before 'int'
 int start_application(){
 ^~~
src/subdir.mk:51: recipe for target 'src/echo.o' failed
make: *** [src/echo.o] Error 1
16:36:36 **** Auto Build of configuration Debug for project nortos_udp_lb ****
make all 
Building file: ../src/echo.c
Invoking: MicroBlaze gcc compiler
mb-gcc -Wall -O0 -g3 -c -fmessage-length=0 -MT"src/echo.o" -I../../nortos_udp_lb_bsp/microblaze_0/include -mlittle-endian -mcpu=v11.0 -mxl-soft-mul -Wl,--no-relax -ffunction-sections -fdata-sections -MMD -MP -MF"src/echo.d" -MT"src/echo.o" -o "src/echo.o" "../src/echo.c"
../src/echo.c: In function 'scan_for_IAs':
../src/echo.c:129:1: warning: control reaches end of non-void function [-Wreturn-type]
 }
 ^
Finished building: ../src/echo.c
 
Building target: nortos_udp_lb.elf
Invoking: MicroBlaze gcc linker
mb-gcc -Wl,-T -Wl,../src/lscript.ld -L../../nortos_udp_lb_bsp/microblaze_0/lib -mlittle-endian -mcpu=v11.0 -mxl-soft-mul -Wl,--no-relax -Wl,--gc-sections -o "nortos_udp_lb.elf"  ./src/echo.o ./src/i2c_access.o ./src/iic_phyreset.o ./src/main.o ./src/platform.o ./src/platform_mb.o ./src/platform_ppc.o ./src/platform_zynq.o ./src/platform_zynqmp.o ./src/sfp.o ./src/si5324.o   -Wl,--start-group,-lxil,-lgcc,-lc,--end-group -Wl,--start-group,-lxil,-llwip4,-lgcc,-lc,--end-group
Finished building target: nortos_udp_lb.elf
 
Invoking: MicroBlaze Print Size
mb-size nortos_udp_lb.elf  |tee "nortos_udp_lb.elf.size"
   text	   data	    bss	    dec	    hex	filename
  92648	   1428	3962276	4056352	 3de520	nortos_udp_lb.elf
Finished building: nortos_udp_lb.elf.size
 
16:37:45 **** Auto Build of configuration Debug for project nortos_udp_lb ****
make all 
Building file: ../src/echo.c
Invoking: MicroBlaze gcc compiler
mb-gcc -Wall -O0 -g3 -c -fmessage-length=0 -MT"src/echo.o" -I../../nortos_udp_lb_bsp/microblaze_0/include -mlittle-endian -mcpu=v11.0 -mxl-soft-mul -Wl,--no-relax -ffunction-sections -fdata-sections -MMD -MP -MF"src/echo.d" -MT"src/echo.o" -o "src/echo.o" "../src/echo.c"
../src/echo.c: In function 'scan_for_IAs':
../src/echo.c:129:1: warning: control reaches end of non-void function [-Wreturn-type]
 }
 ^
Finished building: ../src/echo.c
 
Building file: ../src/main.c
Invoking: MicroBlaze gcc compiler
mb-gcc -Wall -O0 -g3 -c -fmessage-length=0 -MT"src/main.o" -I../../nortos_udp_lb_bsp/microblaze_0/include -mlittle-endian -mcpu=v11.0 -mxl-soft-mul -Wl,--no-relax -ffunction-sections -fdata-sections -MMD -MP -MF"src/main.d" -MT"src/main.o" -o "src/main.o" "../src/main.c"
Finished building: ../src/main.c
 
Building target: nortos_udp_lb.elf
Invoking: MicroBlaze gcc linker
mb-gcc -Wl,-T -Wl,../src/lscript.ld -L../../nortos_udp_lb_bsp/microblaze_0/lib -mlittle-endian -mcpu=v11.0 -mxl-soft-mul -Wl,--no-relax -Wl,--gc-sections -o "nortos_udp_lb.elf"  ./src/echo.o ./src/i2c_access.o ./src/iic_phyreset.o ./src/main.o ./src/platform.o ./src/platform_mb.o ./src/platform_ppc.o ./src/platform_zynq.o ./src/platform_zynqmp.o ./src/sfp.o ./src/si5324.o   -Wl,--start-group,-lxil,-lgcc,-lc,--end-group -Wl,--start-group,-lxil,-llwip4,-lgcc,-lc,--end-group
Finished building target: nortos_udp_lb.elf
 
Invoking: MicroBlaze Print Size
mb-size nortos_udp_lb.elf  |tee "nortos_udp_lb.elf.size"
   text	   data	    bss	    dec	    hex	filename
  92648	   1428	3962276	4056352	 3de520	nortos_udp_lb.elf
Finished building: nortos_udp_lb.elf.size
 
16:59:17 **** Auto Build of configuration Debug for project nortos_udp_lb ****
make all 
Building file: ../src/echo.c
Invoking: MicroBlaze gcc compiler
mb-gcc -Wall -O0 -g3 -c -fmessage-length=0 -MT"src/echo.o" -I../../nortos_udp_lb_bsp/microblaze_0/include -mlittle-endian -mcpu=v11.0 -mxl-soft-mul -Wl,--no-relax -ffunction-sections -fdata-sections -MMD -MP -MF"src/echo.d" -MT"src/echo.o" -o "src/echo.o" "../src/echo.c"
../src/echo.c: In function 'scan_for_IAs':
../src/echo.c:130:1: warning: control reaches end of non-void function [-Wreturn-type]
 }
 ^
Finished building: ../src/echo.c
 
Building target: nortos_udp_lb.elf
Invoking: MicroBlaze gcc linker
mb-gcc -Wl,-T -Wl,../src/lscript.ld -L../../nortos_udp_lb_bsp/microblaze_0/lib -mlittle-endian -mcpu=v11.0 -mxl-soft-mul -Wl,--no-relax -Wl,--gc-sections -o "nortos_udp_lb.elf"  ./src/echo.o ./src/i2c_access.o ./src/iic_phyreset.o ./src/main.o ./src/platform.o ./src/platform_mb.o ./src/platform_ppc.o ./src/platform_zynq.o ./src/platform_zynqmp.o ./src/sfp.o ./src/si5324.o   -Wl,--start-group,-lxil,-lgcc,-lc,--end-group -Wl,--start-group,-lxil,-llwip4,-lgcc,-lc,--end-group
Finished building target: nortos_udp_lb.elf
 
Invoking: MicroBlaze Print Size
mb-size nortos_udp_lb.elf  |tee "nortos_udp_lb.elf.size"
   text	   data	    bss	    dec	    hex	filename
  92648	   1428	3962276	4056352	 3de520	nortos_udp_lb.elf
Finished building: nortos_udp_lb.elf.size
 
17:01:56 **** Auto Build of configuration Debug for project nortos_udp_lb ****
make all 
Building file: ../src/echo.c
Invoking: MicroBlaze gcc compiler
mb-gcc -Wall -O0 -g3 -c -fmessage-length=0 -MT"src/echo.o" -I../../nortos_udp_lb_bsp/microblaze_0/include -mlittle-endian -mcpu=v11.0 -mxl-soft-mul -Wl,--no-relax -ffunction-sections -fdata-sections -MMD -MP -MF"src/echo.d" -MT"src/echo.o" -o "src/echo.o" "../src/echo.c"
../src/echo.c:41:38: error: expected identifier before '.' token
 int fpgaFreeList[FPGA_COUNT] = {[0 . . . FPGA_COUNT-1] = FPGA_NUM_SENTINAL};
                                      ^
../src/echo.c:41:58: error: 'FPGA_NUM_SENTINAL' undeclared here (not in a function); did you mean 'FPGA_NUM_SENTINEL'?
 int fpgaFreeList[FPGA_COUNT] = {[0 . . . FPGA_COUNT-1] = FPGA_NUM_SENTINAL};
                                                          ^~~~~~~~~~~~~~~~~
                                                          FPGA_NUM_SENTINEL
../src/echo.c: In function 'scan_for_IAs':
../src/echo.c:130:1: warning: control reaches end of non-void function [-Wreturn-type]
 }
 ^
src/subdir.mk:51: recipe for target 'src/echo.o' failed
make: *** [src/echo.o] Error 1
17:02:05 **** Auto Build of configuration Debug for project nortos_udp_lb ****
make all 
Building file: ../src/echo.c
Invoking: MicroBlaze gcc compiler
mb-gcc -Wall -O0 -g3 -c -fmessage-length=0 -MT"src/echo.o" -I../../nortos_udp_lb_bsp/microblaze_0/include -mlittle-endian -mcpu=v11.0 -mxl-soft-mul -Wl,--no-relax -ffunction-sections -fdata-sections -MMD -MP -MF"src/echo.d" -MT"src/echo.o" -o "src/echo.o" "../src/echo.c"
../src/echo.c:41:38: error: expected identifier before '.' token
 int fpgaFreeList[FPGA_COUNT] = {[0 . . . FPGA_COUNT-1] = FPGA_NUM_SENTINEL};
                                      ^
../src/echo.c: In function 'scan_for_IAs':
../src/echo.c:130:1: warning: control reaches end of non-void function [-Wreturn-type]
 }
 ^
src/subdir.mk:51: recipe for target 'src/echo.o' failed
make: *** [src/echo.o] Error 1
17:02:25 **** Auto Build of configuration Debug for project nortos_udp_lb ****
make all 
Building file: ../src/echo.c
Invoking: MicroBlaze gcc compiler
mb-gcc -Wall -O0 -g3 -c -fmessage-length=0 -MT"src/echo.o" -I../../nortos_udp_lb_bsp/microblaze_0/include -mlittle-endian -mcpu=v11.0 -mxl-soft-mul -Wl,--no-relax -ffunction-sections -fdata-sections -MMD -MP -MF"src/echo.d" -MT"src/echo.o" -o "src/echo.o" "../src/echo.c"
../src/echo.c:41:34: error: too many decimal points in number
 int fpgaFreeList[FPGA_COUNT] = {[0...FPGA_COUNT-1] = FPGA_NUM_SENTINEL};
                                  ^~~~~~~~~~~~~~
../src/echo.c:41:34: error: array index in initializer not of integer type
../src/echo.c:41:34: note: (near initialization for 'fpgaFreeList')
../src/echo.c: In function 'scan_for_IAs':
../src/echo.c:130:1: warning: control reaches end of non-void function [-Wreturn-type]
 }
 ^
src/subdir.mk:51: recipe for target 'src/echo.o' failed
make: *** [src/echo.o] Error 1
17:02:31 **** Auto Build of configuration Debug for project nortos_udp_lb ****
make all 
Building file: ../src/echo.c
Invoking: MicroBlaze gcc compiler
mb-gcc -Wall -O0 -g3 -c -fmessage-length=0 -MT"src/echo.o" -I../../nortos_udp_lb_bsp/microblaze_0/include -mlittle-endian -mcpu=v11.0 -mxl-soft-mul -Wl,--no-relax -ffunction-sections -fdata-sections -MMD -MP -MF"src/echo.d" -MT"src/echo.o" -o "src/echo.o" "../src/echo.c"
../src/echo.c: In function 'scan_for_IAs':
../src/echo.c:130:1: warning: control reaches end of non-void function [-Wreturn-type]
 }
 ^
Finished building: ../src/echo.c
 
Building target: nortos_udp_lb.elf
Invoking: MicroBlaze gcc linker
mb-gcc -Wl,-T -Wl,../src/lscript.ld -L../../nortos_udp_lb_bsp/microblaze_0/lib -mlittle-endian -mcpu=v11.0 -mxl-soft-mul -Wl,--no-relax -Wl,--gc-sections -o "nortos_udp_lb.elf"  ./src/echo.o ./src/i2c_access.o ./src/iic_phyreset.o ./src/main.o ./src/platform.o ./src/platform_mb.o ./src/platform_ppc.o ./src/platform_zynq.o ./src/platform_zynqmp.o ./src/sfp.o ./src/si5324.o   -Wl,--start-group,-lxil,-lgcc,-lc,--end-group -Wl,--start-group,-lxil,-llwip4,-lgcc,-lc,--end-group
Finished building target: nortos_udp_lb.elf
 
Invoking: MicroBlaze Print Size
mb-size nortos_udp_lb.elf  |tee "nortos_udp_lb.elf.size"
   text	   data	    bss	    dec	    hex	filename
  92648	   1428	3962276	4056352	 3de520	nortos_udp_lb.elf
Finished building: nortos_udp_lb.elf.size
 
17:03:16 **** Auto Build of configuration Debug for project nortos_udp_lb ****
make all 
Building file: ../src/echo.c
Invoking: MicroBlaze gcc compiler
mb-gcc -Wall -O0 -g3 -c -fmessage-length=0 -MT"src/echo.o" -I../../nortos_udp_lb_bsp/microblaze_0/include -mlittle-endian -mcpu=v11.0 -mxl-soft-mul -Wl,--no-relax -ffunction-sections -fdata-sections -MMD -MP -MF"src/echo.d" -MT"src/echo.o" -o "src/echo.o" "../src/echo.c"
../src/echo.c: In function 'scan_for_IAs':
../src/echo.c:131:1: warning: control reaches end of non-void function [-Wreturn-type]
 }
 ^
Finished building: ../src/echo.c
 
Building target: nortos_udp_lb.elf
Invoking: MicroBlaze gcc linker
mb-gcc -Wl,-T -Wl,../src/lscript.ld -L../../nortos_udp_lb_bsp/microblaze_0/lib -mlittle-endian -mcpu=v11.0 -mxl-soft-mul -Wl,--no-relax -Wl,--gc-sections -o "nortos_udp_lb.elf"  ./src/echo.o ./src/i2c_access.o ./src/iic_phyreset.o ./src/main.o ./src/platform.o ./src/platform_mb.o ./src/platform_ppc.o ./src/platform_zynq.o ./src/platform_zynqmp.o ./src/sfp.o ./src/si5324.o   -Wl,--start-group,-lxil,-lgcc,-lc,--end-group -Wl,--start-group,-lxil,-llwip4,-lgcc,-lc,--end-group
Finished building target: nortos_udp_lb.elf
 
Invoking: MicroBlaze Print Size
mb-size nortos_udp_lb.elf  |tee "nortos_udp_lb.elf.size"
   text	   data	    bss	    dec	    hex	filename
  92648	   1428	3962276	4056352	 3de520	nortos_udp_lb.elf
Finished building: nortos_udp_lb.elf.size
 
17:03:45 **** Auto Build of configuration Debug for project nortos_udp_lb ****
make all 
Building file: ../src/echo.c
Invoking: MicroBlaze gcc compiler
mb-gcc -Wall -O0 -g3 -c -fmessage-length=0 -MT"src/echo.o" -I../../nortos_udp_lb_bsp/microblaze_0/include -mlittle-endian -mcpu=v11.0 -mxl-soft-mul -Wl,--no-relax -ffunction-sections -fdata-sections -MMD -MP -MF"src/echo.d" -MT"src/echo.o" -o "src/echo.o" "../src/echo.c"
../src/echo.c: In function 'scan_for_IAs':
../src/echo.c:131:1: warning: control reaches end of non-void function [-Wreturn-type]
 }
 ^
Finished building: ../src/echo.c
 
Building target: nortos_udp_lb.elf
Invoking: MicroBlaze gcc linker
mb-gcc -Wl,-T -Wl,../src/lscript.ld -L../../nortos_udp_lb_bsp/microblaze_0/lib -mlittle-endian -mcpu=v11.0 -mxl-soft-mul -Wl,--no-relax -Wl,--gc-sections -o "nortos_udp_lb.elf"  ./src/echo.o ./src/i2c_access.o ./src/iic_phyreset.o ./src/main.o ./src/platform.o ./src/platform_mb.o ./src/platform_ppc.o ./src/platform_zynq.o ./src/platform_zynqmp.o ./src/sfp.o ./src/si5324.o   -Wl,--start-group,-lxil,-lgcc,-lc,--end-group -Wl,--start-group,-lxil,-llwip4,-lgcc,-lc,--end-group
Finished building target: nortos_udp_lb.elf
 
Invoking: MicroBlaze Print Size
mb-size nortos_udp_lb.elf  |tee "nortos_udp_lb.elf.size"
   text	   data	    bss	    dec	    hex	filename
  92648	   1428	3962276	4056352	 3de520	nortos_udp_lb.elf
Finished building: nortos_udp_lb.elf.size
 
17:05:37 **** Auto Build of configuration Debug for project nortos_udp_lb ****
make all 
Building file: ../src/echo.c
Invoking: MicroBlaze gcc compiler
mb-gcc -Wall -O0 -g3 -c -fmessage-length=0 -MT"src/echo.o" -I../../nortos_udp_lb_bsp/microblaze_0/include -mlittle-endian -mcpu=v11.0 -mxl-soft-mul -Wl,--no-relax -ffunction-sections -fdata-sections -MMD -MP -MF"src/echo.d" -MT"src/echo.o" -o "src/echo.o" "../src/echo.c"
../src/echo.c:40:11: error: conflicting types for 'FPGA_NUMS'
 int const FPGA_NUMS[FPGA_COUNT] = FPGA_NUMS_INIT;
           ^~~~~~~~~
In file included from ../src/echo.c:34:0:
../src/echo.h:24:15: note: previous declaration of 'FPGA_NUMS' was here
 uint8_t const FPGA_NUMS[FPGA_COUNT];
               ^~~~~~~~~
../src/echo.c: In function 'scan_for_IAs':
../src/echo.c:131:1: warning: control reaches end of non-void function [-Wreturn-type]
 }
 ^
make: *** [src/echo.o] Error 1
src/subdir.mk:51: recipe for target 'src/echo.o' failed
17:05:47 **** Auto Build of configuration Debug for project nortos_udp_lb ****
make all 
Building file: ../src/echo.c
Invoking: MicroBlaze gcc compiler
mb-gcc -Wall -O0 -g3 -c -fmessage-length=0 -MT"src/echo.o" -I../../nortos_udp_lb_bsp/microblaze_0/include -mlittle-endian -mcpu=v11.0 -mxl-soft-mul -Wl,--no-relax -ffunction-sections -fdata-sections -MMD -MP -MF"src/echo.d" -MT"src/echo.o" -o "src/echo.o" "../src/echo.c"
../src/echo.c: In function 'scan_for_IAs':
../src/echo.c:130:11: warning: unused variable 'i' [-Wunused-variable]
  for(uint i=0;;){
           ^
Finished building: ../src/echo.c
 
Building file: ../src/main.c
Invoking: MicroBlaze gcc compiler
mb-gcc -Wall -O0 -g3 -c -fmessage-length=0 -MT"src/main.o" -I../../nortos_udp_lb_bsp/microblaze_0/include -mlittle-endian -mcpu=v11.0 -mxl-soft-mul -Wl,--no-relax -ffunction-sections -fdata-sections -MMD -MP -MF"src/main.d" -MT"src/main.o" -o "src/main.o" "../src/main.c"
Finished building: ../src/main.c
 
Building target: nortos_udp_lb.elf
Invoking: MicroBlaze gcc linker
mb-gcc -Wl,-T -Wl,../src/lscript.ld -L../../nortos_udp_lb_bsp/microblaze_0/lib -mlittle-endian -mcpu=v11.0 -mxl-soft-mul -Wl,--no-relax -Wl,--gc-sections -o "nortos_udp_lb.elf"  ./src/echo.o ./src/i2c_access.o ./src/iic_phyreset.o ./src/main.o ./src/platform.o ./src/platform_mb.o ./src/platform_ppc.o ./src/platform_zynq.o ./src/platform_zynqmp.o ./src/sfp.o ./src/si5324.o   -Wl,--start-group,-lxil,-lgcc,-lc,--end-group -Wl,--start-group,-lxil,-llwip4,-lgcc,-lc,--end-group
Finished building target: nortos_udp_lb.elf
 
Invoking: MicroBlaze Print Size
mb-size nortos_udp_lb.elf  |tee "nortos_udp_lb.elf.size"
   text	   data	    bss	    dec	    hex	filename
  92648	   1428	3962276	4056352	 3de520	nortos_udp_lb.elf
Finished building: nortos_udp_lb.elf.size
 
17:06:13 **** Auto Build of configuration Debug for project nortos_udp_lb ****
make all 
Building file: ../src/echo.c
Invoking: MicroBlaze gcc compiler
mb-gcc -Wall -O0 -g3 -c -fmessage-length=0 -MT"src/echo.o" -I../../nortos_udp_lb_bsp/microblaze_0/include -mlittle-endian -mcpu=v11.0 -mxl-soft-mul -Wl,--no-relax -ffunction-sections -fdata-sections -MMD -MP -MF"src/echo.d" -MT"src/echo.o" -o "src/echo.o" "../src/echo.c"
../src/echo.c: In function 'scan_for_IAs':
../src/echo.c:133:1: warning: control reaches end of non-void function [-Wreturn-type]
 }
 ^
Finished building: ../src/echo.c
 
Building target: nortos_udp_lb.elf
Invoking: MicroBlaze gcc linker
mb-gcc -Wl,-T -Wl,../src/lscript.ld -L../../nortos_udp_lb_bsp/microblaze_0/lib -mlittle-endian -mcpu=v11.0 -mxl-soft-mul -Wl,--no-relax -Wl,--gc-sections -o "nortos_udp_lb.elf"  ./src/echo.o ./src/i2c_access.o ./src/iic_phyreset.o ./src/main.o ./src/platform.o ./src/platform_mb.o ./src/platform_ppc.o ./src/platform_zynq.o ./src/platform_zynqmp.o ./src/sfp.o ./src/si5324.o   -Wl,--start-group,-lxil,-lgcc,-lc,--end-group -Wl,--start-group,-lxil,-llwip4,-lgcc,-lc,--end-group
Finished building target: nortos_udp_lb.elf
 
Invoking: MicroBlaze Print Size
mb-size nortos_udp_lb.elf  |tee "nortos_udp_lb.elf.size"
   text	   data	    bss	    dec	    hex	filename
  92648	   1428	3962276	4056352	 3de520	nortos_udp_lb.elf
Finished building: nortos_udp_lb.elf.size
 
17:07:34 **** Auto Build of configuration Debug for project nortos_udp_lb ****
make all 
Building file: ../src/echo.c
Invoking: MicroBlaze gcc compiler
mb-gcc -Wall -O0 -g3 -c -fmessage-length=0 -MT"src/echo.o" -I../../nortos_udp_lb_bsp/microblaze_0/include -mlittle-endian -mcpu=v11.0 -mxl-soft-mul -Wl,--no-relax -ffunction-sections -fdata-sections -MMD -MP -MF"src/echo.d" -MT"src/echo.o" -o "src/echo.o" "../src/echo.c"
../src/echo.c: In function 'scan_for_IAs':
../src/echo.c:133:1: warning: control reaches end of non-void function [-Wreturn-type]
 }
 ^
Finished building: ../src/echo.c
 
Building file: ../src/main.c
Invoking: MicroBlaze gcc compiler
mb-gcc -Wall -O0 -g3 -c -fmessage-length=0 -MT"src/main.o" -I../../nortos_udp_lb_bsp/microblaze_0/include -mlittle-endian -mcpu=v11.0 -mxl-soft-mul -Wl,--no-relax -ffunction-sections -fdata-sections -MMD -MP -MF"src/main.d" -MT"src/main.o" -o "src/main.o" "../src/main.c"
Finished building: ../src/main.c
 
Building target: nortos_udp_lb.elf
Invoking: MicroBlaze gcc linker
mb-gcc -Wl,-T -Wl,../src/lscript.ld -L../../nortos_udp_lb_bsp/microblaze_0/lib -mlittle-endian -mcpu=v11.0 -mxl-soft-mul -Wl,--no-relax -Wl,--gc-sections -o "nortos_udp_lb.elf"  ./src/echo.o ./src/i2c_access.o ./src/iic_phyreset.o ./src/main.o ./src/platform.o ./src/platform_mb.o ./src/platform_ppc.o ./src/platform_zynq.o ./src/platform_zynqmp.o ./src/sfp.o ./src/si5324.o   -Wl,--start-group,-lxil,-lgcc,-lc,--end-group -Wl,--start-group,-lxil,-llwip4,-lgcc,-lc,--end-group
Finished building target: nortos_udp_lb.elf
 
Invoking: MicroBlaze Print Size
mb-size nortos_udp_lb.elf  |tee "nortos_udp_lb.elf.size"
   text	   data	    bss	    dec	    hex	filename
  92648	   1428	3962276	4056352	 3de520	nortos_udp_lb.elf
Finished building: nortos_udp_lb.elf.size
 
17:08:51 **** Auto Build of configuration Debug for project nortos_udp_lb ****
make all 
Building file: ../src/echo.c
Invoking: MicroBlaze gcc compiler
mb-gcc -Wall -O0 -g3 -c -fmessage-length=0 -MT"src/echo.o" -I../../nortos_udp_lb_bsp/microblaze_0/include -mlittle-endian -mcpu=v11.0 -mxl-soft-mul -Wl,--no-relax -ffunction-sections -fdata-sections -MMD -MP -MF"src/echo.d" -MT"src/echo.o" -o "src/echo.o" "../src/echo.c"
Finished building: ../src/echo.c
 
Building target: nortos_udp_lb.elf
Invoking: MicroBlaze gcc linker
mb-gcc -Wl,-T -Wl,../src/lscript.ld -L../../nortos_udp_lb_bsp/microblaze_0/lib -mlittle-endian -mcpu=v11.0 -mxl-soft-mul -Wl,--no-relax -Wl,--gc-sections -o "nortos_udp_lb.elf"  ./src/echo.o ./src/i2c_access.o ./src/iic_phyreset.o ./src/main.o ./src/platform.o ./src/platform_mb.o ./src/platform_ppc.o ./src/platform_zynq.o ./src/platform_zynqmp.o ./src/sfp.o ./src/si5324.o   -Wl,--start-group,-lxil,-lgcc,-lc,--end-group -Wl,--start-group,-lxil,-llwip4,-lgcc,-lc,--end-group
Finished building target: nortos_udp_lb.elf
 
Invoking: MicroBlaze Print Size
mb-size nortos_udp_lb.elf  |tee "nortos_udp_lb.elf.size"
   text	   data	    bss	    dec	    hex	filename
  92648	   1428	3962276	4056352	 3de520	nortos_udp_lb.elf
Finished building: nortos_udp_lb.elf.size
 
17:10:51 **** Auto Build of configuration Debug for project nortos_udp_lb ****
make all 
Building file: ../src/echo.c
Invoking: MicroBlaze gcc compiler
mb-gcc -Wall -O0 -g3 -c -fmessage-length=0 -MT"src/echo.o" -I../../nortos_udp_lb_bsp/microblaze_0/include -mlittle-endian -mcpu=v11.0 -mxl-soft-mul -Wl,--no-relax -ffunction-sections -fdata-sections -MMD -MP -MF"src/echo.d" -MT"src/echo.o" -o "src/echo.o" "../src/echo.c"
../src/echo.c: In function 'fpga_list_add':
../src/echo.c:131:1: warning: control reaches end of non-void function [-Wreturn-type]
 }
 ^
../src/echo.c: In function 'fpga_list_pop':
../src/echo.c:135:1: warning: control reaches end of non-void function [-Wreturn-type]
 }
 ^
../src/echo.c: In function 'fpga_list_remove':
../src/echo.c:139:1: warning: control reaches end of non-void function [-Wreturn-type]
 }
 ^
Finished building: ../src/echo.c
 
Building target: nortos_udp_lb.elf
Invoking: MicroBlaze gcc linker
mb-gcc -Wl,-T -Wl,../src/lscript.ld -L../../nortos_udp_lb_bsp/microblaze_0/lib -mlittle-endian -mcpu=v11.0 -mxl-soft-mul -Wl,--no-relax -Wl,--gc-sections -o "nortos_udp_lb.elf"  ./src/echo.o ./src/i2c_access.o ./src/iic_phyreset.o ./src/main.o ./src/platform.o ./src/platform_mb.o ./src/platform_ppc.o ./src/platform_zynq.o ./src/platform_zynqmp.o ./src/sfp.o ./src/si5324.o   -Wl,--start-group,-lxil,-lgcc,-lc,--end-group -Wl,--start-group,-lxil,-llwip4,-lgcc,-lc,--end-group
Finished building target: nortos_udp_lb.elf
 
Invoking: MicroBlaze Print Size
mb-size nortos_udp_lb.elf  |tee "nortos_udp_lb.elf.size"
   text	   data	    bss	    dec	    hex	filename
  92648	   1428	3962276	4056352	 3de520	nortos_udp_lb.elf
Finished building: nortos_udp_lb.elf.size
 
17:12:37 **** Auto Build of configuration Debug for project nortos_udp_lb ****
make all 
Building file: ../src/echo.c
Invoking: MicroBlaze gcc compiler
mb-gcc -Wall -O0 -g3 -c -fmessage-length=0 -MT"src/echo.o" -I../../nortos_udp_lb_bsp/microblaze_0/include -mlittle-endian -mcpu=v11.0 -mxl-soft-mul -Wl,--no-relax -ffunction-sections -fdata-sections -MMD -MP -MF"src/echo.d" -MT"src/echo.o" -o "src/echo.o" "../src/echo.c"
../src/echo.c: In function 'fpga_list_pop':
../src/echo.c:141:1: warning: control reaches end of non-void function [-Wreturn-type]
 }
 ^
../src/echo.c: In function 'fpga_list_remove':
../src/echo.c:145:1: warning: control reaches end of non-void function [-Wreturn-type]
 }
 ^
Finished building: ../src/echo.c
 
Building target: nortos_udp_lb.elf
Invoking: MicroBlaze gcc linker
mb-gcc -Wl,-T -Wl,../src/lscript.ld -L../../nortos_udp_lb_bsp/microblaze_0/lib -mlittle-endian -mcpu=v11.0 -mxl-soft-mul -Wl,--no-relax -Wl,--gc-sections -o "nortos_udp_lb.elf"  ./src/echo.o ./src/i2c_access.o ./src/iic_phyreset.o ./src/main.o ./src/platform.o ./src/platform_mb.o ./src/platform_ppc.o ./src/platform_zynq.o ./src/platform_zynqmp.o ./src/sfp.o ./src/si5324.o   -Wl,--start-group,-lxil,-lgcc,-lc,--end-group -Wl,--start-group,-lxil,-llwip4,-lgcc,-lc,--end-group
Finished building target: nortos_udp_lb.elf
 
Invoking: MicroBlaze Print Size
mb-size nortos_udp_lb.elf  |tee "nortos_udp_lb.elf.size"
   text	   data	    bss	    dec	    hex	filename
  92648	   1428	3962276	4056352	 3de520	nortos_udp_lb.elf
Finished building: nortos_udp_lb.elf.size
 
17:16:18 **** Auto Build of configuration Debug for project nortos_udp_lb ****
make all 
Building file: ../src/echo.c
Invoking: MicroBlaze gcc compiler
mb-gcc -Wall -O0 -g3 -c -fmessage-length=0 -MT"src/echo.o" -I../../nortos_udp_lb_bsp/microblaze_0/include -mlittle-endian -mcpu=v11.0 -mxl-soft-mul -Wl,--no-relax -ffunction-sections -fdata-sections -MMD -MP -MF"src/echo.d" -MT"src/echo.o" -o "src/echo.o" "../src/echo.c"
../src/echo.c: In function 'fpga_list_remove':
../src/echo.c:153:1: warning: control reaches end of non-void function [-Wreturn-type]
 }
 ^
Finished building: ../src/echo.c
 
Building target: nortos_udp_lb.elf
Invoking: MicroBlaze gcc linker
mb-gcc -Wl,-T -Wl,../src/lscript.ld -L../../nortos_udp_lb_bsp/microblaze_0/lib -mlittle-endian -mcpu=v11.0 -mxl-soft-mul -Wl,--no-relax -Wl,--gc-sections -o "nortos_udp_lb.elf"  ./src/echo.o ./src/i2c_access.o ./src/iic_phyreset.o ./src/main.o ./src/platform.o ./src/platform_mb.o ./src/platform_ppc.o ./src/platform_zynq.o ./src/platform_zynqmp.o ./src/sfp.o ./src/si5324.o   -Wl,--start-group,-lxil,-lgcc,-lc,--end-group -Wl,--start-group,-lxil,-llwip4,-lgcc,-lc,--end-group
Finished building target: nortos_udp_lb.elf
 
Invoking: MicroBlaze Print Size
mb-size nortos_udp_lb.elf  |tee "nortos_udp_lb.elf.size"
   text	   data	    bss	    dec	    hex	filename
  92648	   1428	3962276	4056352	 3de520	nortos_udp_lb.elf
Finished building: nortos_udp_lb.elf.size
 
17:19:12 **** Auto Build of configuration Debug for project nortos_udp_lb ****
make all 
Building file: ../src/echo.c
Invoking: MicroBlaze gcc compiler
mb-gcc -Wall -O0 -g3 -c -fmessage-length=0 -MT"src/echo.o" -I../../nortos_udp_lb_bsp/microblaze_0/include -mlittle-endian -mcpu=v11.0 -mxl-soft-mul -Wl,--no-relax -ffunction-sections -fdata-sections -MMD -MP -MF"src/echo.d" -MT"src/echo.o" -o "src/echo.o" "../src/echo.c"
../src/echo.c: In function 'fpga_list_remove':
../src/echo.c:160:31: error: 'i' undeclared (first use in this function)
  for(; numIndex < FPGA_COUNT; i++){
                               ^
../src/echo.c:160:31: note: each undeclared identifier is reported only once for each function it appears in
../src/echo.c:164:1: error: expected ';' before '}' token
 }
 ^
make: *** [src/echo.o] Error 1
src/subdir.mk:51: recipe for target 'src/echo.o' failed
17:19:14 **** Auto Build of configuration Debug for project nortos_udp_lb ****
make all 
Building file: ../src/echo.c
Invoking: MicroBlaze gcc compiler
mb-gcc -Wall -O0 -g3 -c -fmessage-length=0 -MT"src/echo.o" -I../../nortos_udp_lb_bsp/microblaze_0/include -mlittle-endian -mcpu=v11.0 -mxl-soft-mul -Wl,--no-relax -ffunction-sections -fdata-sections -MMD -MP -MF"src/echo.d" -MT"src/echo.o" -o "src/echo.o" "../src/echo.c"
../src/echo.c: In function 'fpga_list_remove':
../src/echo.c:160:31: error: 'i' undeclared (first use in this function)
  for(; numIndex < FPGA_COUNT; i++){
                               ^
../src/echo.c:160:31: note: each undeclared identifier is reported only once for each function it appears in
src/subdir.mk:51: recipe for target 'src/echo.o' failed
make: *** [src/echo.o] Error 1
17:19:20 **** Auto Build of configuration Debug for project nortos_udp_lb ****
make all 
Building file: ../src/echo.c
Invoking: MicroBlaze gcc compiler
mb-gcc -Wall -O0 -g3 -c -fmessage-length=0 -MT"src/echo.o" -I../../nortos_udp_lb_bsp/microblaze_0/include -mlittle-endian -mcpu=v11.0 -mxl-soft-mul -Wl,--no-relax -ffunction-sections -fdata-sections -MMD -MP -MF"src/echo.d" -MT"src/echo.o" -o "src/echo.o" "../src/echo.c"
Finished building: ../src/echo.c
 
Building target: nortos_udp_lb.elf
Invoking: MicroBlaze gcc linker
mb-gcc -Wl,-T -Wl,../src/lscript.ld -L../../nortos_udp_lb_bsp/microblaze_0/lib -mlittle-endian -mcpu=v11.0 -mxl-soft-mul -Wl,--no-relax -Wl,--gc-sections -o "nortos_udp_lb.elf"  ./src/echo.o ./src/i2c_access.o ./src/iic_phyreset.o ./src/main.o ./src/platform.o ./src/platform_mb.o ./src/platform_ppc.o ./src/platform_zynq.o ./src/platform_zynqmp.o ./src/sfp.o ./src/si5324.o   -Wl,--start-group,-lxil,-lgcc,-lc,--end-group -Wl,--start-group,-lxil,-llwip4,-lgcc,-lc,--end-group
Finished building target: nortos_udp_lb.elf
 
Invoking: MicroBlaze Print Size
mb-size nortos_udp_lb.elf  |tee "nortos_udp_lb.elf.size"
   text	   data	    bss	    dec	    hex	filename
  92648	   1428	3962276	4056352	 3de520	nortos_udp_lb.elf
Finished building: nortos_udp_lb.elf.size
 
17:31:19 **** Auto Build of configuration Debug for project nortos_udp_lb ****
make all 
Building file: ../src/echo.c
Invoking: MicroBlaze gcc compiler
mb-gcc -Wall -O0 -g3 -c -fmessage-length=0 -MT"src/echo.o" -I../../nortos_udp_lb_bsp/microblaze_0/include -mlittle-endian -mcpu=v11.0 -mxl-soft-mul -Wl,--no-relax -ffunction-sections -fdata-sections -MMD -MP -MF"src/echo.d" -MT"src/echo.o" -o "src/echo.o" "../src/echo.c"
Finished building: ../src/echo.c
 
Building target: nortos_udp_lb.elf
Invoking: MicroBlaze gcc linker
mb-gcc -Wl,-T -Wl,../src/lscript.ld -L../../nortos_udp_lb_bsp/microblaze_0/lib -mlittle-endian -mcpu=v11.0 -mxl-soft-mul -Wl,--no-relax -Wl,--gc-sections -o "nortos_udp_lb.elf"  ./src/echo.o ./src/i2c_access.o ./src/iic_phyreset.o ./src/main.o ./src/platform.o ./src/platform_mb.o ./src/platform_ppc.o ./src/platform_zynq.o ./src/platform_zynqmp.o ./src/sfp.o ./src/si5324.o   -Wl,--start-group,-lxil,-lgcc,-lc,--end-group -Wl,--start-group,-lxil,-llwip4,-lgcc,-lc,--end-group
Finished building target: nortos_udp_lb.elf
 
Invoking: MicroBlaze Print Size
mb-size nortos_udp_lb.elf  |tee "nortos_udp_lb.elf.size"
   text	   data	    bss	    dec	    hex	filename
  92648	   1428	3962276	4056352	 3de520	nortos_udp_lb.elf
Finished building: nortos_udp_lb.elf.size
 
17:34:59 **** Auto Build of configuration Debug for project nortos_udp_lb ****
make all 
Building file: ../src/echo.c
Invoking: MicroBlaze gcc compiler
mb-gcc -Wall -O0 -g3 -c -fmessage-length=0 -MT"src/echo.o" -I../../nortos_udp_lb_bsp/microblaze_0/include -mlittle-endian -mcpu=v11.0 -mxl-soft-mul -Wl,--no-relax -ffunction-sections -fdata-sections -MMD -MP -MF"src/echo.d" -MT"src/echo.o" -o "src/echo.o" "../src/echo.c"
../src/echo.c: In function 'scan_for_IAs':
../src/echo.c:169:27: warning: implicit declaration of function 'udp_new'; did you mean 'tcp_new'? [-Wimplicit-function-declaration]
  struct udp_pcb* udppcb = udp_new();
                           ^~~~~~~
                           tcp_new
../src/echo.c:169:27: warning: initialization makes pointer from integer without a cast [-Wint-conversion]
../src/echo.c:169:18: warning: unused variable 'udppcb' [-Wunused-variable]
  struct udp_pcb* udppcb = udp_new();
                  ^~~~~~
Finished building: ../src/echo.c
 
Building target: nortos_udp_lb.elf
Invoking: MicroBlaze gcc linker
mb-gcc -Wl,-T -Wl,../src/lscript.ld -L../../nortos_udp_lb_bsp/microblaze_0/lib -mlittle-endian -mcpu=v11.0 -mxl-soft-mul -Wl,--no-relax -Wl,--gc-sections -o "nortos_udp_lb.elf"  ./src/echo.o ./src/i2c_access.o ./src/iic_phyreset.o ./src/main.o ./src/platform.o ./src/platform_mb.o ./src/platform_ppc.o ./src/platform_zynq.o ./src/platform_zynqmp.o ./src/sfp.o ./src/si5324.o   -Wl,--start-group,-lxil,-lgcc,-lc,--end-group -Wl,--start-group,-lxil,-llwip4,-lgcc,-lc,--end-group
Finished building target: nortos_udp_lb.elf
 
Invoking: MicroBlaze Print Size
mb-size nortos_udp_lb.elf  |tee "nortos_udp_lb.elf.size"
   text	   data	    bss	    dec	    hex	filename
  92648	   1428	3962276	4056352	 3de520	nortos_udp_lb.elf
Finished building: nortos_udp_lb.elf.size
 
17:35:23 **** Auto Build of configuration Debug for project nortos_udp_lb ****
make all 
Building file: ../src/echo.c
Invoking: MicroBlaze gcc compiler
mb-gcc -Wall -O0 -g3 -c -fmessage-length=0 -MT"src/echo.o" -I../../nortos_udp_lb_bsp/microblaze_0/include -mlittle-endian -mcpu=v11.0 -mxl-soft-mul -Wl,--no-relax -ffunction-sections -fdata-sections -MMD -MP -MF"src/echo.d" -MT"src/echo.o" -o "src/echo.o" "../src/echo.c"
../src/echo.c: In function 'scan_for_IAs':
../src/echo.c:170:18: warning: unused variable 'udppcb' [-Wunused-variable]
  struct udp_pcb* udppcb = udp_new();
                  ^~~~~~
Finished building: ../src/echo.c
 
Building target: nortos_udp_lb.elf
Invoking: MicroBlaze gcc linker
mb-gcc -Wl,-T -Wl,../src/lscript.ld -L../../nortos_udp_lb_bsp/microblaze_0/lib -mlittle-endian -mcpu=v11.0 -mxl-soft-mul -Wl,--no-relax -Wl,--gc-sections -o "nortos_udp_lb.elf"  ./src/echo.o ./src/i2c_access.o ./src/iic_phyreset.o ./src/main.o ./src/platform.o ./src/platform_mb.o ./src/platform_ppc.o ./src/platform_zynq.o ./src/platform_zynqmp.o ./src/sfp.o ./src/si5324.o   -Wl,--start-group,-lxil,-lgcc,-lc,--end-group -Wl,--start-group,-lxil,-llwip4,-lgcc,-lc,--end-group
Finished building target: nortos_udp_lb.elf
 
Invoking: MicroBlaze Print Size
mb-size nortos_udp_lb.elf  |tee "nortos_udp_lb.elf.size"
   text	   data	    bss	    dec	    hex	filename
  92648	   1428	3962276	4056352	 3de520	nortos_udp_lb.elf
Finished building: nortos_udp_lb.elf.size
 
17:37:50 **** Auto Build of configuration Debug for project nortos_udp_lb ****
make all 
Building file: ../src/echo.c
Invoking: MicroBlaze gcc compiler
mb-gcc -Wall -O0 -g3 -c -fmessage-length=0 -MT"src/echo.o" -I../../nortos_udp_lb_bsp/microblaze_0/include -mlittle-endian -mcpu=v11.0 -mxl-soft-mul -Wl,--no-relax -ffunction-sections -fdata-sections -MMD -MP -MF"src/echo.d" -MT"src/echo.o" -o "src/echo.o" "../src/echo.c"
../src/echo.c: In function 'scan_for_IAs':
../src/echo.c:170:8: warning: variable 'err' set but not used [-Wunused-but-set-variable]
  err_t err;
        ^~~
../src/echo.c:173:6: warning: 'ipaddr' is used uninitialized in this function [-Wuninitialized]
  err = udp_connect(pcb, ipaddr, IA_UDP_PORT);
  ~~~~^~~~~~~~~~~~~~~~~~~~~~~~~~~~~~~~~~~~~~~
Finished building: ../src/echo.c
 
Building target: nortos_udp_lb.elf
Invoking: MicroBlaze gcc linker
mb-gcc -Wl,-T -Wl,../src/lscript.ld -L../../nortos_udp_lb_bsp/microblaze_0/lib -mlittle-endian -mcpu=v11.0 -mxl-soft-mul -Wl,--no-relax -Wl,--gc-sections -o "nortos_udp_lb.elf"  ./src/echo.o ./src/i2c_access.o ./src/iic_phyreset.o ./src/main.o ./src/platform.o ./src/platform_mb.o ./src/platform_ppc.o ./src/platform_zynq.o ./src/platform_zynqmp.o ./src/sfp.o ./src/si5324.o   -Wl,--start-group,-lxil,-lgcc,-lc,--end-group -Wl,--start-group,-lxil,-llwip4,-lgcc,-lc,--end-group
Finished building target: nortos_udp_lb.elf
 
Invoking: MicroBlaze Print Size
mb-size nortos_udp_lb.elf  |tee "nortos_udp_lb.elf.size"
   text	   data	    bss	    dec	    hex	filename
  92648	   1428	3962276	4056352	 3de520	nortos_udp_lb.elf
Finished building: nortos_udp_lb.elf.size
 
17:46:03 **** Auto Build of configuration Debug for project nortos_udp_lb ****
make all 
Building file: ../src/echo.c
Invoking: MicroBlaze gcc compiler
mb-gcc -Wall -O0 -g3 -c -fmessage-length=0 -MT"src/echo.o" -I../../nortos_udp_lb_bsp/microblaze_0/include -mlittle-endian -mcpu=v11.0 -mxl-soft-mul -Wl,--no-relax -ffunction-sections -fdata-sections -MMD -MP -MF"src/echo.d" -MT"src/echo.o" -o "src/echo.o" "../src/echo.c"
../src/echo.c: In function 'scan_for_IAs':
../src/echo.c:173:25: error: 'ipaddr' undeclared (first use in this function); did you mean 'ip_hdr'?
  err = udp_connect(pcb, ipaddr, IA_UDP_PORT);
                         ^~~~~~
                         ip_hdr
../src/echo.c:173:25: note: each undeclared identifier is reported only once for each function it appears in
../src/echo.c:171:12: warning: unused variable 'iaIpAddr' [-Wunused-variable]
  ip_addr_t iaIpAddr;
            ^~~~~~~~
../src/echo.c:170:8: warning: variable 'err' set but not used [-Wunused-but-set-variable]
  err_t err;
        ^~~
src/subdir.mk:51: recipe for target 'src/echo.o' failed
make: *** [src/echo.o] Error 1
17:47:48 **** Auto Build of configuration Debug for project nortos_udp_lb ****
make all 
Building file: ../src/echo.c
Invoking: MicroBlaze gcc compiler
mb-gcc -Wall -O0 -g3 -c -fmessage-length=0 -MT"src/echo.o" -I../../nortos_udp_lb_bsp/microblaze_0/include -mlittle-endian -mcpu=v11.0 -mxl-soft-mul -Wl,--no-relax -ffunction-sections -fdata-sections -MMD -MP -MF"src/echo.d" -MT"src/echo.o" -o "src/echo.o" "../src/echo.c"
../src/echo.c: In function 'scan_for_IAs':
../src/echo.c:176:26: error: incompatible type for argument 2 of 'udp_connect'
   err = udp_connect(pcb, iaIpAddr, IA_UDP_PORT);
                          ^~~~~~~~
In file included from ../src/echo.c:34:0:
../../nortos_udp_lb_bsp/microblaze_0/include/lwip/udp.h:120:18: note: expected 'const ip_addr_t * {aka const struct ip4_addr *}' but argument is of type 'ip_addr_t {aka struct ip4_addr}'
 err_t            udp_connect    (struct udp_pcb *pcb, const ip_addr_t *ipaddr,
                  ^~~~~~~~~~~
../src/echo.c:170:8: warning: variable 'err' set but not used [-Wunused-but-set-variable]
  err_t err;
        ^~~
src/subdir.mk:51: recipe for target 'src/echo.o' failed
make: *** [src/echo.o] Error 1
17:48:06 **** Auto Build of configuration Debug for project nortos_udp_lb ****
make all 
Building file: ../src/echo.c
Invoking: MicroBlaze gcc compiler
mb-gcc -Wall -O0 -g3 -c -fmessage-length=0 -MT"src/echo.o" -I../../nortos_udp_lb_bsp/microblaze_0/include -mlittle-endian -mcpu=v11.0 -mxl-soft-mul -Wl,--no-relax -ffunction-sections -fdata-sections -MMD -MP -MF"src/echo.d" -MT"src/echo.o" -o "src/echo.o" "../src/echo.c"
../src/echo.c: In function 'scan_for_IAs':
../src/echo.c:170:8: warning: variable 'err' set but not used [-Wunused-but-set-variable]
  err_t err;
        ^~~
Finished building: ../src/echo.c
 
Building target: nortos_udp_lb.elf
Invoking: MicroBlaze gcc linker
mb-gcc -Wl,-T -Wl,../src/lscript.ld -L../../nortos_udp_lb_bsp/microblaze_0/lib -mlittle-endian -mcpu=v11.0 -mxl-soft-mul -Wl,--no-relax -Wl,--gc-sections -o "nortos_udp_lb.elf"  ./src/echo.o ./src/i2c_access.o ./src/iic_phyreset.o ./src/main.o ./src/platform.o ./src/platform_mb.o ./src/platform_ppc.o ./src/platform_zynq.o ./src/platform_zynqmp.o ./src/sfp.o ./src/si5324.o   -Wl,--start-group,-lxil,-lgcc,-lc,--end-group -Wl,--start-group,-lxil,-llwip4,-lgcc,-lc,--end-group
Finished building target: nortos_udp_lb.elf
 
Invoking: MicroBlaze Print Size
mb-size nortos_udp_lb.elf  |tee "nortos_udp_lb.elf.size"
   text	   data	    bss	    dec	    hex	filename
  92648	   1428	3962276	4056352	 3de520	nortos_udp_lb.elf
Finished building: nortos_udp_lb.elf.size
 
18:00:19 **** Auto Build of configuration Debug for project nortos_udp_lb ****
make all 
Building file: ../src/echo.c
Invoking: MicroBlaze gcc compiler
mb-gcc -Wall -O0 -g3 -c -fmessage-length=0 -MT"src/echo.o" -I../../nortos_udp_lb_bsp/microblaze_0/include -mlittle-endian -mcpu=v11.0 -mxl-soft-mul -Wl,--no-relax -ffunction-sections -fdata-sections -MMD -MP -MF"src/echo.d" -MT"src/echo.o" -o "src/echo.o" "../src/echo.c"
In file included from ../../nortos_udp_lb_bsp/microblaze_0/include/lwip/ip_addr.h:43:0,
                 from ../../nortos_udp_lb_bsp/microblaze_0/include/lwip/ip.h:44,
                 from ../../nortos_udp_lb_bsp/microblaze_0/include/lwip/tcp.h:47,
                 from ../src/echo.c:33:
../src/echo.c: In function 'fpgaNumToIP':
../../nortos_udp_lb_bsp/microblaze_0/include/lwip/ip4_addr.h:120:44: error: 'ipaddr' is a pointer; did you mean to use '->'?
 #define IP4_ADDR(ipaddr, a,b,c,d)  (ipaddr)->addr = PP_HTONL(LWIP_MAKEU32(a,b,c,d))
                                            ^
../src/echo.c:131:2: note: in expansion of macro 'IP4_ADDR'
  IP4_ADDR(&ipaddr,    1,   1,  i,  2);
  ^~~~~~~~
In file included from ../../nortos_udp_lb_bsp/microblaze_0/include/lwip/ip.h:42:0,
                 from ../../nortos_udp_lb_bsp/microblaze_0/include/lwip/tcp.h:47,
                 from ../src/echo.c:33:
../src/echo.c:131:32: error: 'i' undeclared (first use in this function)
  IP4_ADDR(&ipaddr,    1,   1,  i,  2);
                                ^
../../nortos_udp_lb_bsp/microblaze_0/include/lwip/def.h:107:25: note: in definition of macro 'PP_HTONL'
 #define PP_HTONL(x) ((((x) & 0x000000ffUL) << 24) | \
                         ^
../../nortos_udp_lb_bsp/microblaze_0/include/lwip/ip4_addr.h:120:62: note: in expansion of macro 'LWIP_MAKEU32'
 #define IP4_ADDR(ipaddr, a,b,c,d)  (ipaddr)->addr = PP_HTONL(LWIP_MAKEU32(a,b,c,d))
                                                              ^~~~~~~~~~~~
../src/echo.c:131:2: note: in expansion of macro 'IP4_ADDR'
  IP4_ADDR(&ipaddr,    1,   1,  i,  2);
  ^~~~~~~~
../src/echo.c:131:32: note: each undeclared identifier is reported only once for each function it appears in
  IP4_ADDR(&ipaddr,    1,   1,  i,  2);
                                ^
../../nortos_udp_lb_bsp/microblaze_0/include/lwip/def.h:107:25: note: in definition of macro 'PP_HTONL'
 #define PP_HTONL(x) ((((x) & 0x000000ffUL) << 24) | \
                         ^
../../nortos_udp_lb_bsp/microblaze_0/include/lwip/ip4_addr.h:120:62: note: in expansion of macro 'LWIP_MAKEU32'
 #define IP4_ADDR(ipaddr, a,b,c,d)  (ipaddr)->addr = PP_HTONL(LWIP_MAKEU32(a,b,c,d))
                                                              ^~~~~~~~~~~~
../src/echo.c:131:2: note: in expansion of macro 'IP4_ADDR'
  IP4_ADDR(&ipaddr,    1,   1,  i,  2);
  ^~~~~~~~
../src/echo.c: In function 'scan_for_IAs':
../src/echo.c:175:8: warning: variable 'err' set but not used [-Wunused-but-set-variable]
  err_t err;
        ^~~
src/subdir.mk:51: recipe for target 'src/echo.o' failed
make: *** [src/echo.o] Error 1
18:00:37 **** Auto Build of configuration Debug for project nortos_udp_lb ****
make all 
Building file: ../src/echo.c
Invoking: MicroBlaze gcc compiler
mb-gcc -Wall -O0 -g3 -c -fmessage-length=0 -MT"src/echo.o" -I../../nortos_udp_lb_bsp/microblaze_0/include -mlittle-endian -mcpu=v11.0 -mxl-soft-mul -Wl,--no-relax -ffunction-sections -fdata-sections -MMD -MP -MF"src/echo.d" -MT"src/echo.o" -o "src/echo.o" "../src/echo.c"
In file included from ../../nortos_udp_lb_bsp/microblaze_0/include/lwip/ip.h:42:0,
                 from ../../nortos_udp_lb_bsp/microblaze_0/include/lwip/tcp.h:47,
                 from ../src/echo.c:33:
../src/echo.c: In function 'fpgaNumToIP':
../src/echo.c:131:31: error: 'i' undeclared (first use in this function)
  IP4_ADDR(ipaddr,    1,   1,  i,  2);
                               ^
../../nortos_udp_lb_bsp/microblaze_0/include/lwip/def.h:107:25: note: in definition of macro 'PP_HTONL'
 #define PP_HTONL(x) ((((x) & 0x000000ffUL) << 24) | \
                         ^
../../nortos_udp_lb_bsp/microblaze_0/include/lwip/ip4_addr.h:120:62: note: in expansion of macro 'LWIP_MAKEU32'
 #define IP4_ADDR(ipaddr, a,b,c,d)  (ipaddr)->addr = PP_HTONL(LWIP_MAKEU32(a,b,c,d))
                                                              ^~~~~~~~~~~~
../src/echo.c:131:2: note: in expansion of macro 'IP4_ADDR'
  IP4_ADDR(ipaddr,    1,   1,  i,  2);
  ^~~~~~~~
../src/echo.c:131:31: note: each undeclared identifier is reported only once for each function it appears in
  IP4_ADDR(ipaddr,    1,   1,  i,  2);
                               ^
../../nortos_udp_lb_bsp/microblaze_0/include/lwip/def.h:107:25: note: in definition of macro 'PP_HTONL'
 #define PP_HTONL(x) ((((x) & 0x000000ffUL) << 24) | \
                         ^
../../nortos_udp_lb_bsp/microblaze_0/include/lwip/ip4_addr.h:120:62: note: in expansion of macro 'LWIP_MAKEU32'
 #define IP4_ADDR(ipaddr, a,b,c,d)  (ipaddr)->addr = PP_HTONL(LWIP_MAKEU32(a,b,c,d))
                                                              ^~~~~~~~~~~~
../src/echo.c:131:2: note: in expansion of macro 'IP4_ADDR'
  IP4_ADDR(ipaddr,    1,   1,  i,  2);
  ^~~~~~~~
../src/echo.c: In function 'scan_for_IAs':
../src/echo.c:175:8: warning: variable 'err' set but not used [-Wunused-but-set-variable]
  err_t err;
        ^~~
make: *** [src/echo.o] Error 1
src/subdir.mk:51: recipe for target 'src/echo.o' failed
18:00:46 **** Auto Build of configuration Debug for project nortos_udp_lb ****
make all 
Building file: ../src/echo.c
Invoking: MicroBlaze gcc compiler
mb-gcc -Wall -O0 -g3 -c -fmessage-length=0 -MT"src/echo.o" -I../../nortos_udp_lb_bsp/microblaze_0/include -mlittle-endian -mcpu=v11.0 -mxl-soft-mul -Wl,--no-relax -ffunction-sections -fdata-sections -MMD -MP -MF"src/echo.d" -MT"src/echo.o" -o "src/echo.o" "../src/echo.c"
../src/echo.c: In function 'scan_for_IAs':
../src/echo.c:175:8: warning: variable 'err' set but not used [-Wunused-but-set-variable]
  err_t err;
        ^~~
Finished building: ../src/echo.c
 
Building target: nortos_udp_lb.elf
Invoking: MicroBlaze gcc linker
mb-gcc -Wl,-T -Wl,../src/lscript.ld -L../../nortos_udp_lb_bsp/microblaze_0/lib -mlittle-endian -mcpu=v11.0 -mxl-soft-mul -Wl,--no-relax -Wl,--gc-sections -o "nortos_udp_lb.elf"  ./src/echo.o ./src/i2c_access.o ./src/iic_phyreset.o ./src/main.o ./src/platform.o ./src/platform_mb.o ./src/platform_ppc.o ./src/platform_zynq.o ./src/platform_zynqmp.o ./src/sfp.o ./src/si5324.o   -Wl,--start-group,-lxil,-lgcc,-lc,--end-group -Wl,--start-group,-lxil,-llwip4,-lgcc,-lc,--end-group
Finished building target: nortos_udp_lb.elf
 
Invoking: MicroBlaze Print Size
mb-size nortos_udp_lb.elf  |tee "nortos_udp_lb.elf.size"
   text	   data	    bss	    dec	    hex	filename
  92648	   1428	3962276	4056352	 3de520	nortos_udp_lb.elf
Finished building: nortos_udp_lb.elf.size
 
18:00:58 **** Auto Build of configuration Debug for project nortos_udp_lb ****
make all 
Building file: ../src/echo.c
Invoking: MicroBlaze gcc compiler
mb-gcc -Wall -O0 -g3 -c -fmessage-length=0 -MT"src/echo.o" -I../../nortos_udp_lb_bsp/microblaze_0/include -mlittle-endian -mcpu=v11.0 -mxl-soft-mul -Wl,--no-relax -ffunction-sections -fdata-sections -MMD -MP -MF"src/echo.d" -MT"src/echo.o" -o "src/echo.o" "../src/echo.c"
../src/echo.c: In function 'scan_for_IAs':
../src/echo.c:175:8: warning: variable 'err' set but not used [-Wunused-but-set-variable]
  err_t err;
        ^~~
Finished building: ../src/echo.c
 
Building target: nortos_udp_lb.elf
Invoking: MicroBlaze gcc linker
mb-gcc -Wl,-T -Wl,../src/lscript.ld -L../../nortos_udp_lb_bsp/microblaze_0/lib -mlittle-endian -mcpu=v11.0 -mxl-soft-mul -Wl,--no-relax -Wl,--gc-sections -o "nortos_udp_lb.elf"  ./src/echo.o ./src/i2c_access.o ./src/iic_phyreset.o ./src/main.o ./src/platform.o ./src/platform_mb.o ./src/platform_ppc.o ./src/platform_zynq.o ./src/platform_zynqmp.o ./src/sfp.o ./src/si5324.o   -Wl,--start-group,-lxil,-lgcc,-lc,--end-group -Wl,--start-group,-lxil,-llwip4,-lgcc,-lc,--end-group
Finished building target: nortos_udp_lb.elf
 
Invoking: MicroBlaze Print Size
mb-size nortos_udp_lb.elf  |tee "nortos_udp_lb.elf.size"
   text	   data	    bss	    dec	    hex	filename
  92648	   1428	3962276	4056352	 3de520	nortos_udp_lb.elf
Finished building: nortos_udp_lb.elf.size
 
18:03:23 **** Auto Build of configuration Debug for project nortos_udp_lb ****
make all 
Building file: ../src/echo.c
Invoking: MicroBlaze gcc compiler
mb-gcc -Wall -O0 -g3 -c -fmessage-length=0 -MT"src/echo.o" -I../../nortos_udp_lb_bsp/microblaze_0/include -mlittle-endian -mcpu=v11.0 -mxl-soft-mul -Wl,--no-relax -ffunction-sections -fdata-sections -MMD -MP -MF"src/echo.d" -MT"src/echo.o" -o "src/echo.o" "../src/echo.c"
../src/echo.c: In function 'scan_for_IAs':
../src/echo.c:175:8: warning: variable 'err' set but not used [-Wunused-but-set-variable]
  err_t err;
        ^~~
Finished building: ../src/echo.c
 
Building target: nortos_udp_lb.elf
Invoking: MicroBlaze gcc linker
mb-gcc -Wl,-T -Wl,../src/lscript.ld -L../../nortos_udp_lb_bsp/microblaze_0/lib -mlittle-endian -mcpu=v11.0 -mxl-soft-mul -Wl,--no-relax -Wl,--gc-sections -o "nortos_udp_lb.elf"  ./src/echo.o ./src/i2c_access.o ./src/iic_phyreset.o ./src/main.o ./src/platform.o ./src/platform_mb.o ./src/platform_ppc.o ./src/platform_zynq.o ./src/platform_zynqmp.o ./src/sfp.o ./src/si5324.o   -Wl,--start-group,-lxil,-lgcc,-lc,--end-group -Wl,--start-group,-lxil,-llwip4,-lgcc,-lc,--end-group
Finished building target: nortos_udp_lb.elf
 
Invoking: MicroBlaze Print Size
mb-size nortos_udp_lb.elf  |tee "nortos_udp_lb.elf.size"
   text	   data	    bss	    dec	    hex	filename
  92648	   1428	3962276	4056352	 3de520	nortos_udp_lb.elf
Finished building: nortos_udp_lb.elf.size
 
18:10:16 **** Auto Build of configuration Debug for project nortos_udp_lb ****
make all 
Building file: ../src/echo.c
Invoking: MicroBlaze gcc compiler
mb-gcc -Wall -O0 -g3 -c -fmessage-length=0 -MT"src/echo.o" -I../../nortos_udp_lb_bsp/microblaze_0/include -mlittle-endian -mcpu=v11.0 -mxl-soft-mul -Wl,--no-relax -ffunction-sections -fdata-sections -MMD -MP -MF"src/echo.d" -MT"src/echo.o" -o "src/echo.o" "../src/echo.c"
In file included from ../src/echo.c:35:0:
../src/echo.c: In function 'scan_for_IAs':
../src/echo.h:29:14: error: 'iaScansDone' undeclared (first use in this function)
 #define u8_t iaScansDone;
              ^
../src/echo.c:179:6: note: in expansion of macro 'u8_t'
  for(u8_t i=0; i<FPGA_COUNT; i++){
      ^~~~
../src/echo.h:29:14: note: each undeclared identifier is reported only once for each function it appears in
 #define u8_t iaScansDone;
              ^
../src/echo.c:179:6: note: in expansion of macro 'u8_t'
  for(u8_t i=0; i<FPGA_COUNT; i++){
      ^~~~
../src/echo.c:179:11: error: 'i' undeclared (first use in this function)
  for(u8_t i=0; i<FPGA_COUNT; i++){
           ^
../src/echo.c:179:28: error: expected ')' before ';' token
  for(u8_t i=0; i<FPGA_COUNT; i++){
                            ^
../src/echo.c:175:8: warning: variable 'err' set but not used [-Wunused-but-set-variable]
src/subdir.mk:51: recipe for target 'src/echo.o' failed
  err_t err;
        ^~~
make: *** [src/echo.o] Error 1
18:10:33 **** Auto Build of configuration Debug for project nortos_udp_lb ****
make all 
Building file: ../src/echo.c
Invoking: MicroBlaze gcc compiler
mb-gcc -Wall -O0 -g3 -c -fmessage-length=0 -MT"src/echo.o" -I../../nortos_udp_lb_bsp/microblaze_0/include -mlittle-endian -mcpu=v11.0 -mxl-soft-mul -Wl,--no-relax -ffunction-sections -fdata-sections -MMD -MP -MF"src/echo.d" -MT"src/echo.o" -o "src/echo.o" "../src/echo.c"
../src/echo.c: In function 'scan_for_IAs':
../src/echo.c:175:8: warning: variable 'err' set but not used [-Wunused-but-set-variable]
  err_t err;
        ^~~
Finished building: ../src/echo.c
 
Building file: ../src/main.c
Invoking: MicroBlaze gcc compiler
mb-gcc -Wall -O0 -g3 -c -fmessage-length=0 -MT"src/main.o" -I../../nortos_udp_lb_bsp/microblaze_0/include -mlittle-endian -mcpu=v11.0 -mxl-soft-mul -Wl,--no-relax -ffunction-sections -fdata-sections -MMD -MP -MF"src/main.d" -MT"src/main.o" -o "src/main.o" "../src/main.c"
Finished building: ../src/main.c
 
Building target: nortos_udp_lb.elf
Invoking: MicroBlaze gcc linker
mb-gcc -Wl,-T -Wl,../src/lscript.ld -L../../nortos_udp_lb_bsp/microblaze_0/lib -mlittle-endian -mcpu=v11.0 -mxl-soft-mul -Wl,--no-relax -Wl,--gc-sections -o "nortos_udp_lb.elf"  ./src/echo.o ./src/i2c_access.o ./src/iic_phyreset.o ./src/main.o ./src/platform.o ./src/platform_mb.o ./src/platform_ppc.o ./src/platform_zynq.o ./src/platform_zynqmp.o ./src/sfp.o ./src/si5324.o   -Wl,--start-group,-lxil,-lgcc,-lc,--end-group -Wl,--start-group,-lxil,-llwip4,-lgcc,-lc,--end-group
Finished building target: nortos_udp_lb.elf
 
Invoking: MicroBlaze Print Size
mb-size nortos_udp_lb.elf  |tee "nortos_udp_lb.elf.size"
   text	   data	    bss	    dec	    hex	filename
  92648	   1428	3962276	4056352	 3de520	nortos_udp_lb.elf
Finished building: nortos_udp_lb.elf.size
 
18:10:57 **** Auto Build of configuration Debug for project nortos_udp_lb ****
make all 
Building file: ../src/echo.c
Invoking: MicroBlaze gcc compiler
mb-gcc -Wall -O0 -g3 -c -fmessage-length=0 -MT"src/echo.o" -I../../nortos_udp_lb_bsp/microblaze_0/include -mlittle-endian -mcpu=v11.0 -mxl-soft-mul -Wl,--no-relax -ffunction-sections -fdata-sections -MMD -MP -MF"src/echo.d" -MT"src/echo.o" -o "src/echo.o" "../src/echo.c"
../src/echo.c:45:1: warning: data definition has no type or storage class
 iaScansDone = 0;
 ^~~~~~~~~~~
../src/echo.c:45:1: warning: type defaults to 'int' in declaration of 'iaScansDone' [-Wimplicit-int]
../src/echo.c:45:1: error: conflicting types for 'iaScansDone'
In file included from ../src/echo.c:35:0:
../src/echo.h:29:6: note: previous declaration of 'iaScansDone' was here
 u8_t iaScansDone;
      ^~~~~~~~~~~
../src/echo.c: In function 'scan_for_IAs':
../src/echo.c:177:8: warning: variable 'err' set but not used [-Wunused-but-set-variable]
  err_t err;
        ^~~
src/subdir.mk:51: recipe for target 'src/echo.o' failed
make: *** [src/echo.o] Error 1
18:11:01 **** Auto Build of configuration Debug for project nortos_udp_lb ****
make all 
Building file: ../src/echo.c
Invoking: MicroBlaze gcc compiler
mb-gcc -Wall -O0 -g3 -c -fmessage-length=0 -MT"src/echo.o" -I../../nortos_udp_lb_bsp/microblaze_0/include -mlittle-endian -mcpu=v11.0 -mxl-soft-mul -Wl,--no-relax -ffunction-sections -fdata-sections -MMD -MP -MF"src/echo.d" -MT"src/echo.o" -o "src/echo.o" "../src/echo.c"
../src/echo.c: In function 'scan_for_IAs':
../src/echo.c:177:8: warning: variable 'err' set but not used [-Wunused-but-set-variable]
  err_t err;
        ^~~
Finished building: ../src/echo.c
 
Building target: nortos_udp_lb.elf
Invoking: MicroBlaze gcc linker
mb-gcc -Wl,-T -Wl,../src/lscript.ld -L../../nortos_udp_lb_bsp/microblaze_0/lib -mlittle-endian -mcpu=v11.0 -mxl-soft-mul -Wl,--no-relax -Wl,--gc-sections -o "nortos_udp_lb.elf"  ./src/echo.o ./src/i2c_access.o ./src/iic_phyreset.o ./src/main.o ./src/platform.o ./src/platform_mb.o ./src/platform_ppc.o ./src/platform_zynq.o ./src/platform_zynqmp.o ./src/sfp.o ./src/si5324.o   -Wl,--start-group,-lxil,-lgcc,-lc,--end-group -Wl,--start-group,-lxil,-llwip4,-lgcc,-lc,--end-group
Finished building target: nortos_udp_lb.elf
 
Invoking: MicroBlaze Print Size
mb-size nortos_udp_lb.elf  |tee "nortos_udp_lb.elf.size"
   text	   data	    bss	    dec	    hex	filename
  92648	   1428	3962276	4056352	 3de520	nortos_udp_lb.elf
Finished building: nortos_udp_lb.elf.size
 
18:11:56 **** Auto Build of configuration Debug for project nortos_udp_lb ****
make all 
Building file: ../src/echo.c
Invoking: MicroBlaze gcc compiler
mb-gcc -Wall -O0 -g3 -c -fmessage-length=0 -MT"src/echo.o" -I../../nortos_udp_lb_bsp/microblaze_0/include -mlittle-endian -mcpu=v11.0 -mxl-soft-mul -Wl,--no-relax -ffunction-sections -fdata-sections -MMD -MP -MF"src/echo.d" -MT"src/echo.o" -o "src/echo.o" "../src/echo.c"
../src/echo.c:137:18: error: unknown type name 'in_addr_t'; did you mean 'ip_addr_t'?
 u8_t fpgaIpToNum(in_addr_t* ipaddr){
                  ^~~~~~~~~
                  ip_addr_t
../src/echo.c: In function 'scan_for_IAs':
../src/echo.c:182:8: warning: variable 'err' set but not used [-Wunused-but-set-variable]
  err_t err;
        ^~~
src/subdir.mk:51: recipe for target 'src/echo.o' failed
make: *** [src/echo.o] Error 1
18:14:38 **** Auto Build of configuration Debug for project nortos_udp_lb ****
make all 
Building file: ../src/echo.c
Invoking: MicroBlaze gcc compiler
mb-gcc -Wall -O0 -g3 -c -fmessage-length=0 -MT"src/echo.o" -I../../nortos_udp_lb_bsp/microblaze_0/include -mlittle-endian -mcpu=v11.0 -mxl-soft-mul -Wl,--no-relax -ffunction-sections -fdata-sections -MMD -MP -MF"src/echo.d" -MT"src/echo.o" -o "src/echo.o" "../src/echo.c"
../src/echo.c: In function 'scan_for_IAs':
../src/echo.c:183:8: warning: variable 'err' set but not used [-Wunused-but-set-variable]
  err_t err;
        ^~~
../src/echo.c: In function 'fpgaIpToNum':
../src/echo.c:140:1: warning: control reaches end of non-void function [-Wreturn-type]
 }
 ^
Finished building: ../src/echo.c
 
Building target: nortos_udp_lb.elf
Invoking: MicroBlaze gcc linker
mb-gcc -Wl,-T -Wl,../src/lscript.ld -L../../nortos_udp_lb_bsp/microblaze_0/lib -mlittle-endian -mcpu=v11.0 -mxl-soft-mul -Wl,--no-relax -Wl,--gc-sections -o "nortos_udp_lb.elf"  ./src/echo.o ./src/i2c_access.o ./src/iic_phyreset.o ./src/main.o ./src/platform.o ./src/platform_mb.o ./src/platform_ppc.o ./src/platform_zynq.o ./src/platform_zynqmp.o ./src/sfp.o ./src/si5324.o   -Wl,--start-group,-lxil,-lgcc,-lc,--end-group -Wl,--start-group,-lxil,-llwip4,-lgcc,-lc,--end-group
Finished building target: nortos_udp_lb.elf
 
Invoking: MicroBlaze Print Size
mb-size nortos_udp_lb.elf  |tee "nortos_udp_lb.elf.size"
   text	   data	    bss	    dec	    hex	filename
  92648	   1428	3962276	4056352	 3de520	nortos_udp_lb.elf
Finished building: nortos_udp_lb.elf.size
 
18:15:36 **** Auto Build of configuration Debug for project nortos_udp_lb ****
make all 
Building file: ../src/echo.c
Invoking: MicroBlaze gcc compiler
mb-gcc -Wall -O0 -g3 -c -fmessage-length=0 -MT"src/echo.o" -I../../nortos_udp_lb_bsp/microblaze_0/include -mlittle-endian -mcpu=v11.0 -mxl-soft-mul -Wl,--no-relax -ffunction-sections -fdata-sections -MMD -MP -MF"src/echo.d" -MT"src/echo.o" -o "src/echo.o" "../src/echo.c"
../src/echo.c: In function 'scan_for_IAs':
../src/echo.c:186:8: warning: variable 'err' set but not used [-Wunused-but-set-variable]
  err_t err;
        ^~~
Finished building: ../src/echo.c
 
Building target: nortos_udp_lb.elf
Invoking: MicroBlaze gcc linker
mb-gcc -Wl,-T -Wl,../src/lscript.ld -L../../nortos_udp_lb_bsp/microblaze_0/lib -mlittle-endian -mcpu=v11.0 -mxl-soft-mul -Wl,--no-relax -Wl,--gc-sections -o "nortos_udp_lb.elf"  ./src/echo.o ./src/i2c_access.o ./src/iic_phyreset.o ./src/main.o ./src/platform.o ./src/platform_mb.o ./src/platform_ppc.o ./src/platform_zynq.o ./src/platform_zynqmp.o ./src/sfp.o ./src/si5324.o   -Wl,--start-group,-lxil,-lgcc,-lc,--end-group -Wl,--start-group,-lxil,-llwip4,-lgcc,-lc,--end-group
Finished building target: nortos_udp_lb.elf
 
Invoking: MicroBlaze Print Size
mb-size nortos_udp_lb.elf  |tee "nortos_udp_lb.elf.size"
   text	   data	    bss	    dec	    hex	filename
  92648	   1428	3962276	4056352	 3de520	nortos_udp_lb.elf
Finished building: nortos_udp_lb.elf.size
 
18:20:24 **** Auto Build of configuration Debug for project nortos_udp_lb ****
make all 
Building file: ../src/echo.c
Invoking: MicroBlaze gcc compiler
mb-gcc -Wall -O0 -g3 -c -fmessage-length=0 -MT"src/echo.o" -I../../nortos_udp_lb_bsp/microblaze_0/include -mlittle-endian -mcpu=v11.0 -mxl-soft-mul -Wl,--no-relax -ffunction-sections -fdata-sections -MMD -MP -MF"src/echo.d" -MT"src/echo.o" -o "src/echo.o" "../src/echo.c"
../src/echo.c: In function 'scan_for_IAs':
../src/echo.c:186:8: warning: variable 'err' set but not used [-Wunused-but-set-variable]
  err_t err;
        ^~~
Finished building: ../src/echo.c
 
Building target: nortos_udp_lb.elf
Invoking: MicroBlaze gcc linker
mb-gcc -Wl,-T -Wl,../src/lscript.ld -L../../nortos_udp_lb_bsp/microblaze_0/lib -mlittle-endian -mcpu=v11.0 -mxl-soft-mul -Wl,--no-relax -Wl,--gc-sections -o "nortos_udp_lb.elf"  ./src/echo.o ./src/i2c_access.o ./src/iic_phyreset.o ./src/main.o ./src/platform.o ./src/platform_mb.o ./src/platform_ppc.o ./src/platform_zynq.o ./src/platform_zynqmp.o ./src/sfp.o ./src/si5324.o   -Wl,--start-group,-lxil,-lgcc,-lc,--end-group -Wl,--start-group,-lxil,-llwip4,-lgcc,-lc,--end-group
Finished building target: nortos_udp_lb.elf
 
Invoking: MicroBlaze Print Size
mb-size nortos_udp_lb.elf  |tee "nortos_udp_lb.elf.size"
   text	   data	    bss	    dec	    hex	filename
  92648	   1428	3962276	4056352	 3de520	nortos_udp_lb.elf
Finished building: nortos_udp_lb.elf.size
 
18:21:50 **** Auto Build of configuration Debug for project nortos_udp_lb ****
make all 
Building file: ../src/echo.c
Invoking: MicroBlaze gcc compiler
mb-gcc -Wall -O0 -g3 -c -fmessage-length=0 -MT"src/echo.o" -I../../nortos_udp_lb_bsp/microblaze_0/include -mlittle-endian -mcpu=v11.0 -mxl-soft-mul -Wl,--no-relax -ffunction-sections -fdata-sections -MMD -MP -MF"src/echo.d" -MT"src/echo.o" -o "src/echo.o" "../src/echo.c"
../src/echo.c: In function 'scan_for_IAs':
../src/echo.c:190:8: warning: variable 'err' set but not used [-Wunused-but-set-variable]
  err_t err;
        ^~~
../src/echo.c: In function 'scan_for_IA_cb':
../src/echo.c:186:1: warning: control reaches end of non-void function [-Wreturn-type]
 }
 ^
Finished building: ../src/echo.c
 
Building target: nortos_udp_lb.elf
Invoking: MicroBlaze gcc linker
mb-gcc -Wl,-T -Wl,../src/lscript.ld -L../../nortos_udp_lb_bsp/microblaze_0/lib -mlittle-endian -mcpu=v11.0 -mxl-soft-mul -Wl,--no-relax -Wl,--gc-sections -o "nortos_udp_lb.elf"  ./src/echo.o ./src/i2c_access.o ./src/iic_phyreset.o ./src/main.o ./src/platform.o ./src/platform_mb.o ./src/platform_ppc.o ./src/platform_zynq.o ./src/platform_zynqmp.o ./src/sfp.o ./src/si5324.o   -Wl,--start-group,-lxil,-lgcc,-lc,--end-group -Wl,--start-group,-lxil,-llwip4,-lgcc,-lc,--end-group
Finished building target: nortos_udp_lb.elf
 
Invoking: MicroBlaze Print Size
mb-size nortos_udp_lb.elf  |tee "nortos_udp_lb.elf.size"
   text	   data	    bss	    dec	    hex	filename
  92648	   1428	3962276	4056352	 3de520	nortos_udp_lb.elf
Finished building: nortos_udp_lb.elf.size
 
18:22:22 **** Auto Build of configuration Debug for project nortos_udp_lb ****
make all 
Building file: ../src/echo.c
Invoking: MicroBlaze gcc compiler
mb-gcc -Wall -O0 -g3 -c -fmessage-length=0 -MT"src/echo.o" -I../../nortos_udp_lb_bsp/microblaze_0/include -mlittle-endian -mcpu=v11.0 -mxl-soft-mul -Wl,--no-relax -ffunction-sections -fdata-sections -MMD -MP -MF"src/echo.d" -MT"src/echo.o" -o "src/echo.o" "../src/echo.c"
../src/echo.c: In function 'scan_for_IAs':
../src/echo.c:190:8: warning: variable 'err' set but not used [-Wunused-but-set-variable]
  err_t err;
        ^~~
../src/echo.c: In function 'scan_for_IA_cb':
../src/echo.c:186:1: warning: control reaches end of non-void function [-Wreturn-type]
 }
 ^
Finished building: ../src/echo.c
 
Building target: nortos_udp_lb.elf
Invoking: MicroBlaze gcc linker
mb-gcc -Wl,-T -Wl,../src/lscript.ld -L../../nortos_udp_lb_bsp/microblaze_0/lib -mlittle-endian -mcpu=v11.0 -mxl-soft-mul -Wl,--no-relax -Wl,--gc-sections -o "nortos_udp_lb.elf"  ./src/echo.o ./src/i2c_access.o ./src/iic_phyreset.o ./src/main.o ./src/platform.o ./src/platform_mb.o ./src/platform_ppc.o ./src/platform_zynq.o ./src/platform_zynqmp.o ./src/sfp.o ./src/si5324.o   -Wl,--start-group,-lxil,-lgcc,-lc,--end-group -Wl,--start-group,-lxil,-llwip4,-lgcc,-lc,--end-group
Finished building target: nortos_udp_lb.elf
 
Invoking: MicroBlaze Print Size
mb-size nortos_udp_lb.elf  |tee "nortos_udp_lb.elf.size"
   text	   data	    bss	    dec	    hex	filename
  92648	   1428	3962276	4056352	 3de520	nortos_udp_lb.elf
Finished building: nortos_udp_lb.elf.size
 
18:22:34 **** Auto Build of configuration Debug for project nortos_udp_lb ****
make all 
Building file: ../src/echo.c
Invoking: MicroBlaze gcc compiler
mb-gcc -Wall -O0 -g3 -c -fmessage-length=0 -MT"src/echo.o" -I../../nortos_udp_lb_bsp/microblaze_0/include -mlittle-endian -mcpu=v11.0 -mxl-soft-mul -Wl,--no-relax -ffunction-sections -fdata-sections -MMD -MP -MF"src/echo.d" -MT"src/echo.o" -o "src/echo.o" "../src/echo.c"
../src/echo.c: In function 'scan_for_IA_cb':
../src/echo.c:185:2: error: 'arg' undeclared (first use in this function)
  arg++;
  ^~~
../src/echo.c:185:2: note: each undeclared identifier is reported only once for each function it appears in
../src/echo.c: In function 'scan_for_IAs':
../src/echo.c:190:8: warning: variable 'err' set but not used [-Wunused-but-set-variable]
  err_t err;
        ^~~
../src/echo.c: In function 'scan_for_IA_cb':
../src/echo.c:186:1: warning: control reaches end of non-void function [-Wreturn-type]
 }
 ^
src/subdir.mk:51: recipe for target 'src/echo.o' failed
make: *** [src/echo.o] Error 1
18:22:40 **** Auto Build of configuration Debug for project nortos_udp_lb ****
make all 
Building file: ../src/echo.c
Invoking: MicroBlaze gcc compiler
mb-gcc -Wall -O0 -g3 -c -fmessage-length=0 -MT"src/echo.o" -I../../nortos_udp_lb_bsp/microblaze_0/include -mlittle-endian -mcpu=v11.0 -mxl-soft-mul -Wl,--no-relax -ffunction-sections -fdata-sections -MMD -MP -MF"src/echo.d" -MT"src/echo.o" -o "src/echo.o" "../src/echo.c"
../src/echo.c: In function 'scan_for_IAs':
../src/echo.c:190:8: warning: variable 'err' set but not used [-Wunused-but-set-variable]
  err_t err;
        ^~~
../src/echo.c: In function 'scan_for_IA_cb':
../src/echo.c:186:1: warning: control reaches end of non-void function [-Wreturn-type]
 }
 ^
Finished building: ../src/echo.c
 
Building target: nortos_udp_lb.elf
Invoking: MicroBlaze gcc linker
mb-gcc -Wl,-T -Wl,../src/lscript.ld -L../../nortos_udp_lb_bsp/microblaze_0/lib -mlittle-endian -mcpu=v11.0 -mxl-soft-mul -Wl,--no-relax -Wl,--gc-sections -o "nortos_udp_lb.elf"  ./src/echo.o ./src/i2c_access.o ./src/iic_phyreset.o ./src/main.o ./src/platform.o ./src/platform_mb.o ./src/platform_ppc.o ./src/platform_zynq.o ./src/platform_zynqmp.o ./src/sfp.o ./src/si5324.o   -Wl,--start-group,-lxil,-lgcc,-lc,--end-group -Wl,--start-group,-lxil,-llwip4,-lgcc,-lc,--end-group
Finished building target: nortos_udp_lb.elf
 
Invoking: MicroBlaze Print Size
mb-size nortos_udp_lb.elf  |tee "nortos_udp_lb.elf.size"
   text	   data	    bss	    dec	    hex	filename
  92648	   1428	3962276	4056352	 3de520	nortos_udp_lb.elf
Finished building: nortos_udp_lb.elf.size
 
18:23:55 **** Auto Build of configuration Debug for project nortos_udp_lb ****
make all 
Building file: ../src/echo.c
Invoking: MicroBlaze gcc compiler
mb-gcc -Wall -O0 -g3 -c -fmessage-length=0 -MT"src/echo.o" -I../../nortos_udp_lb_bsp/microblaze_0/include -mlittle-endian -mcpu=v11.0 -mxl-soft-mul -Wl,--no-relax -ffunction-sections -fdata-sections -MMD -MP -MF"src/echo.d" -MT"src/echo.o" -o "src/echo.o" "../src/echo.c"
../src/echo.c: In function 'scan_for_IA_cb':
[...]
mb-gcc -Wl,-T -Wl,../src/lscript.ld -L../../nortos_udp_lb_bsp/microblaze_0/lib -mlittle-endian -mcpu=v11.0 -mxl-soft-mul -Wl,--no-relax -Wl,--gc-sections -o "nortos_udp_lb.elf"  ./src/echo.o ./src/i2c_access.o ./src/iic_phyreset.o ./src/main.o ./src/platform.o ./src/platform_mb.o ./src/platform_ppc.o ./src/platform_zynq.o ./src/platform_zynqmp.o ./src/sfp.o ./src/si5324.o   -Wl,--start-group,-lxil,-lgcc,-lc,--end-group -Wl,--start-group,-lxil,-llwip4,-lgcc,-lc,--end-group
Finished building target: nortos_udp_lb.elf
 
Invoking: MicroBlaze Print Size
mb-size nortos_udp_lb.elf  |tee "nortos_udp_lb.elf.size"
   text	   data	    bss	    dec	    hex	filename
  98876	   2240	3962340	4063456	 3e00e0	nortos_udp_lb.elf
Finished building: nortos_udp_lb.elf.size
 
18:24:52 **** Auto Build of configuration Debug for project nortos_udp_lb ****
make all 
Building file: ../src/main.c
Invoking: MicroBlaze gcc compiler
mb-gcc -Wall -O0 -g3 -c -fmessage-length=0 -MT"src/main.o" -I../../nortos_udp_lb_bsp/microblaze_0/include -mlittle-endian -mcpu=v11.0 -mxl-soft-mul -Wl,--no-relax -ffunction-sections -fdata-sections -MMD -MP -MF"src/main.d" -MT"src/main.o" -o "src/main.o" "../src/main.c"
Finished building: ../src/main.c
 
Building target: nortos_udp_lb.elf
Invoking: MicroBlaze gcc linker
mb-gcc -Wl,-T -Wl,../src/lscript.ld -L../../nortos_udp_lb_bsp/microblaze_0/lib -mlittle-endian -mcpu=v11.0 -mxl-soft-mul -Wl,--no-relax -Wl,--gc-sections -o "nortos_udp_lb.elf"  ./src/echo.o ./src/i2c_access.o ./src/iic_phyreset.o ./src/main.o ./src/platform.o ./src/platform_mb.o ./src/platform_ppc.o ./src/platform_zynq.o ./src/platform_zynqmp.o ./src/sfp.o ./src/si5324.o   -Wl,--start-group,-lxil,-lgcc,-lc,--end-group -Wl,--start-group,-lxil,-llwip4,-lgcc,-lc,--end-group
Finished building target: nortos_udp_lb.elf
 
Invoking: MicroBlaze Print Size
mb-size nortos_udp_lb.elf  |tee "nortos_udp_lb.elf.size"
   text	   data	    bss	    dec	    hex	filename
  98900	   2240	3962340	4063480	 3e00f8	nortos_udp_lb.elf
Finished building: nortos_udp_lb.elf.size
 
18:33:37 **** Auto Build of configuration Debug for project nortos_udp_lb ****
make all 
Building file: ../src/echo.c
Invoking: MicroBlaze gcc compiler
mb-gcc -Wall -O0 -g3 -c -fmessage-length=0 -MT"src/echo.o" -I../../nortos_udp_lb_bsp/microblaze_0/include -mlittle-endian -mcpu=v11.0 -mxl-soft-mul -Wl,--no-relax -ffunction-sections -fdata-sections -MMD -MP -MF"src/echo.d" -MT"src/echo.o" -o "src/echo.o" "../src/echo.c"
../src/echo.c: In function 'scan_for_IAs':
../src/echo.c:276:16: warning: dereferencing 'void *' pointer
   p_tx->payload[IP_PBUF_DEST_NUM_OFFSET] = FPGA_NUMS[i];
                ^
../src/echo.c:276:42: error: invalid use of void expression
   p_tx->payload[IP_PBUF_DEST_NUM_OFFSET] = FPGA_NUMS[i];
                                          ^
src/subdir.mk:51: recipe for target 'src/echo.o' failed
make: *** [src/echo.o] Error 1
18:34:16 **** Auto Build of configuration Debug for project nortos_udp_lb ****
make all 
Building file: ../src/echo.c
Invoking: MicroBlaze gcc compiler
mb-gcc -Wall -O0 -g3 -c -fmessage-length=0 -MT"src/echo.o" -I../../nortos_udp_lb_bsp/microblaze_0/include -mlittle-endian -mcpu=v11.0 -mxl-soft-mul -Wl,--no-relax -ffunction-sections -fdata-sections -MMD -MP -MF"src/echo.d" -MT"src/echo.o" -o "src/echo.o" "../src/echo.c"
../src/echo.c: In function 'scan_for_IAs':
../src/echo.c:276:18: warning: dereferencing 'void *' pointer
   (p_tx->payload)[IP_PBUF_DEST_NUM_OFFSET] = FPGA_NUMS[i];
                  ^
../src/echo.c:276:44: error: invalid use of void expression
   (p_tx->payload)[IP_PBUF_DEST_NUM_OFFSET] = FPGA_NUMS[i];
                                            ^
src/subdir.mk:51: recipe for target 'src/echo.o' failed
make: *** [src/echo.o] Error 1
18:34:55 **** Auto Build of configuration Debug for project nortos_udp_lb ****
make all 
Building file: ../src/echo.c
Invoking: MicroBlaze gcc compiler
mb-gcc -Wall -O0 -g3 -c -fmessage-length=0 -MT"src/echo.o" -I../../nortos_udp_lb_bsp/microblaze_0/include -mlittle-endian -mcpu=v11.0 -mxl-soft-mul -Wl,--no-relax -ffunction-sections -fdata-sections -MMD -MP -MF"src/echo.d" -MT"src/echo.o" -o "src/echo.o" "../src/echo.c"
Finished building: ../src/echo.c
 
Building target: nortos_udp_lb.elf
Invoking: MicroBlaze gcc linker
mb-gcc -Wl,-T -Wl,../src/lscript.ld -L../../nortos_udp_lb_bsp/microblaze_0/lib -mlittle-endian -mcpu=v11.0 -mxl-soft-mul -Wl,--no-relax -Wl,--gc-sections -o "nortos_udp_lb.elf"  ./src/echo.o ./src/i2c_access.o ./src/iic_phyreset.o ./src/main.o ./src/platform.o ./src/platform_mb.o ./src/platform_ppc.o ./src/platform_zynq.o ./src/platform_zynqmp.o ./src/sfp.o ./src/si5324.o   -Wl,--start-group,-lxil,-lgcc,-lc,--end-group -Wl,--start-group,-lxil,-llwip4,-lgcc,-lc,--end-group
Finished building target: nortos_udp_lb.elf
 
Invoking: MicroBlaze Print Size
mb-size nortos_udp_lb.elf  |tee "nortos_udp_lb.elf.size"
   text	   data	    bss	    dec	    hex	filename
  98936	   2240	3962336	4063512	 3e0118	nortos_udp_lb.elf
Finished building: nortos_udp_lb.elf.size
 
19:56:52 **** Auto Build of configuration Debug for project nortos_udp_lb ****
make all 
Building file: ../src/echo.c
Invoking: MicroBlaze gcc compiler
mb-gcc -Wall -O0 -g3 -c -fmessage-length=0 -MT"src/echo.o" -I../../nortos_udp_lb_bsp/microblaze_0/include -mlittle-endian -mcpu=v11.0 -mxl-soft-mul -Wl,--no-relax -ffunction-sections -fdata-sections -MMD -MP -MF"src/echo.d" -MT"src/echo.o" -o "src/echo.o" "../src/echo.c"
Finished building: ../src/echo.c
 
Building target: nortos_udp_lb.elf
Invoking: MicroBlaze gcc linker
mb-gcc -Wl,-T -Wl,../src/lscript.ld -L../../nortos_udp_lb_bsp/microblaze_0/lib -mlittle-endian -mcpu=v11.0 -mxl-soft-mul -Wl,--no-relax -Wl,--gc-sections -o "nortos_udp_lb.elf"  ./src/echo.o ./src/i2c_access.o ./src/iic_phyreset.o ./src/main.o ./src/platform.o ./src/platform_mb.o ./src/platform_ppc.o ./src/platform_zynq.o ./src/platform_zynqmp.o ./src/sfp.o ./src/si5324.o   -Wl,--start-group,-lxil,-lgcc,-lc,--end-group -Wl,--start-group,-lxil,-llwip4,-lgcc,-lc,--end-group
Finished building target: nortos_udp_lb.elf
 
Invoking: MicroBlaze Print Size
mb-size nortos_udp_lb.elf  |tee "nortos_udp_lb.elf.size"
   text	   data	    bss	    dec	    hex	filename
  98936	   2240	3962336	4063512	 3e0118	nortos_udp_lb.elf
Finished building: nortos_udp_lb.elf.size
 
20:06:06 **** Auto Build of configuration Debug for project nortos_udp_lb ****
make all 
Building file: ../src/echo.c
Invoking: MicroBlaze gcc compiler
mb-gcc -Wall -O0 -g3 -c -fmessage-length=0 -MT"src/echo.o" -I../../nortos_udp_lb_bsp/microblaze_0/include -mlittle-endian -mcpu=v11.0 -mxl-soft-mul -Wl,--no-relax -ffunction-sections -fdata-sections -MMD -MP -MF"src/echo.d" -MT"src/echo.o" -o "src/echo.o" "../src/echo.c"
Finished building: ../src/echo.c
 
Building target: nortos_udp_lb.elf
Invoking: MicroBlaze gcc linker
mb-gcc -Wl,-T -Wl,../src/lscript.ld -L../../nortos_udp_lb_bsp/microblaze_0/lib -mlittle-endian -mcpu=v11.0 -mxl-soft-mul -Wl,--no-relax -Wl,--gc-sections -o "nortos_udp_lb.elf"  ./src/echo.o ./src/i2c_access.o ./src/iic_phyreset.o ./src/main.o ./src/platform.o ./src/platform_mb.o ./src/platform_ppc.o ./src/platform_zynq.o ./src/platform_zynqmp.o ./src/sfp.o ./src/si5324.o   -Wl,--start-group,-lxil,-lgcc,-lc,--end-group -Wl,--start-group,-lxil,-llwip4,-lgcc,-lc,--end-group
Finished building target: nortos_udp_lb.elf
 
Invoking: MicroBlaze Print Size
mb-size nortos_udp_lb.elf  |tee "nortos_udp_lb.elf.size"
   text	   data	    bss	    dec	    hex	filename
  99192	   2240	3962336	4063768	 3e0218	nortos_udp_lb.elf
Finished building: nortos_udp_lb.elf.size
 
20:10:43 **** Auto Build of configuration Debug for project nortos_udp_lb ****
make all 
Building file: ../src/echo.c
Invoking: MicroBlaze gcc compiler
mb-gcc -Wall -O0 -g3 -c -fmessage-length=0 -MT"src/echo.o" -I../../nortos_udp_lb_bsp/microblaze_0/include -mlittle-endian -mcpu=v11.0 -mxl-soft-mul -Wl,--no-relax -ffunction-sections -fdata-sections -MMD -MP -MF"src/echo.d" -MT"src/echo.o" -o "src/echo.o" "../src/echo.c"
Finished building: ../src/echo.c
 
Building target: nortos_udp_lb.elf
Invoking: MicroBlaze gcc linker
mb-gcc -Wl,-T -Wl,../src/lscript.ld -L../../nortos_udp_lb_bsp/microblaze_0/lib -mlittle-endian -mcpu=v11.0 -mxl-soft-mul -Wl,--no-relax -Wl,--gc-sections -o "nortos_udp_lb.elf"  ./src/echo.o ./src/i2c_access.o ./src/iic_phyreset.o ./src/main.o ./src/platform.o ./src/platform_mb.o ./src/platform_ppc.o ./src/platform_zynq.o ./src/platform_zynqmp.o ./src/sfp.o ./src/si5324.o   -Wl,--start-group,-lxil,-lgcc,-lc,--end-group -Wl,--start-group,-lxil,-llwip4,-lgcc,-lc,--end-group
Finished building target: nortos_udp_lb.elf
 
Invoking: MicroBlaze Print Size
mb-size nortos_udp_lb.elf  |tee "nortos_udp_lb.elf.size"
   text	   data	    bss	    dec	    hex	filename
  99160	   2240	3962336	4063736	 3e01f8	nortos_udp_lb.elf
Finished building: nortos_udp_lb.elf.size
 
20:18:40 **** Auto Build of configuration Debug for project nortos_udp_lb ****
make all 
Building file: ../src/echo.c
Invoking: MicroBlaze gcc compiler
mb-gcc -Wall -O0 -g3 -c -fmessage-length=0 -MT"src/echo.o" -I../../nortos_udp_lb_bsp/microblaze_0/include -mlittle-endian -mcpu=v11.0 -mxl-soft-mul -Wl,--no-relax -ffunction-sections -fdata-sections -MMD -MP -MF"src/echo.d" -MT"src/echo.o" -o "src/echo.o" "../src/echo.c"
Finished building: ../src/echo.c
 
Building file: ../src/main.c
Invoking: MicroBlaze gcc compiler
mb-gcc -Wall -O0 -g3 -c -fmessage-length=0 -MT"src/main.o" -I../../nortos_udp_lb_bsp/microblaze_0/include -mlittle-endian -mcpu=v11.0 -mxl-soft-mul -Wl,--no-relax -ffunction-sections -fdata-sections -MMD -MP -MF"src/main.d" -MT"src/main.o" -o "src/main.o" "../src/main.c"
Finished building: ../src/main.c
 
Building target: nortos_udp_lb.elf
Invoking: MicroBlaze gcc linker
mb-gcc -Wl,-T -Wl,../src/lscript.ld -L../../nortos_udp_lb_bsp/microblaze_0/lib -mlittle-endian -mcpu=v11.0 -mxl-soft-mul -Wl,--no-relax -Wl,--gc-sections -o "nortos_udp_lb.elf"  ./src/echo.o ./src/i2c_access.o ./src/iic_phyreset.o ./src/main.o ./src/platform.o ./src/platform_mb.o ./src/platform_ppc.o ./src/platform_zynq.o ./src/platform_zynqmp.o ./src/sfp.o ./src/si5324.o   -Wl,--start-group,-lxil,-lgcc,-lc,--end-group -Wl,--start-group,-lxil,-llwip4,-lgcc,-lc,--end-group
Finished building target: nortos_udp_lb.elf
 
Invoking: MicroBlaze Print Size
mb-size nortos_udp_lb.elf  |tee "nortos_udp_lb.elf.size"
   text	   data	    bss	    dec	    hex	filename
  99160	   2240	3962336	4063736	 3e01f8	nortos_udp_lb.elf
Finished building: nortos_udp_lb.elf.size
 
20:35:11 **** Auto Build of configuration Debug for project nortos_udp_lb ****
make all 
Building file: ../src/echo.c
Invoking: MicroBlaze gcc compiler
mb-gcc -Wall -O0 -g3 -c -fmessage-length=0 -MT"src/echo.o" -I../../nortos_udp_lb_bsp/microblaze_0/include -mlittle-endian -mcpu=v11.0 -mxl-soft-mul -Wl,--no-relax -ffunction-sections -fdata-sections -MMD -MP -MF"src/echo.d" -MT"src/echo.o" -o "src/echo.o" "../src/echo.c"
Finished building: ../src/echo.c
 
Building target: nortos_udp_lb.elf
Invoking: MicroBlaze gcc linker
mb-gcc -Wl,-T -Wl,../src/lscript.ld -L../../nortos_udp_lb_bsp/microblaze_0/lib -mlittle-endian -mcpu=v11.0 -mxl-soft-mul -Wl,--no-relax -Wl,--gc-sections -o "nortos_udp_lb.elf"  ./src/echo.o ./src/i2c_access.o ./src/iic_phyreset.o ./src/main.o ./src/platform.o ./src/platform_mb.o ./src/platform_ppc.o ./src/platform_zynq.o ./src/platform_zynqmp.o ./src/sfp.o ./src/si5324.o   -Wl,--start-group,-lxil,-lgcc,-lc,--end-group -Wl,--start-group,-lxil,-llwip4,-lgcc,-lc,--end-group
Finished building target: nortos_udp_lb.elf
 
Invoking: MicroBlaze Print Size
mb-size nortos_udp_lb.elf  |tee "nortos_udp_lb.elf.size"
   text	   data	    bss	    dec	    hex	filename
  99748	   2240	3962340	4064328	 3e0448	nortos_udp_lb.elf
Finished building: nortos_udp_lb.elf.size
 
21:34:22 **** Auto Build of configuration Debug for project nortos_udp_lb ****
make all 
Building file: ../src/echo.c
Invoking: MicroBlaze gcc compiler
mb-gcc -Wall -O0 -g3 -c -fmessage-length=0 -MT"src/echo.o" -I../../nortos_udp_lb_bsp/microblaze_0/include -mlittle-endian -mcpu=v11.0 -mxl-soft-mul -Wl,--no-relax -ffunction-sections -fdata-sections -MMD -MP -MF"src/echo.d" -MT"src/echo.o" -o "src/echo.o" "../src/echo.c"
Finished building: ../src/echo.c
 
Building target: nortos_udp_lb.elf
Invoking: MicroBlaze gcc linker
mb-gcc -Wl,-T -Wl,../src/lscript.ld -L../../nortos_udp_lb_bsp/microblaze_0/lib -mlittle-endian -mcpu=v11.0 -mxl-soft-mul -Wl,--no-relax -Wl,--gc-sections -o "nortos_udp_lb.elf"  ./src/echo.o ./src/i2c_access.o ./src/iic_phyreset.o ./src/main.o ./src/platform.o ./src/platform_mb.o ./src/platform_ppc.o ./src/platform_zynq.o ./src/platform_zynqmp.o ./src/sfp.o ./src/si5324.o   -Wl,--start-group,-lxil,-lgcc,-lc,--end-group -Wl,--start-group,-lxil,-llwip4,-lgcc,-lc,--end-group
Finished building target: nortos_udp_lb.elf
 
Invoking: MicroBlaze Print Size
mb-size nortos_udp_lb.elf  |tee "nortos_udp_lb.elf.size"
   text	   data	    bss	    dec	    hex	filename
  99828	   2240	3962340	4064408	 3e0498	nortos_udp_lb.elf
Finished building: nortos_udp_lb.elf.size
 
21:34:36 **** Auto Build of configuration Debug for project nortos_udp_lb ****
make all 
Building file: ../src/main.c
Invoking: MicroBlaze gcc compiler
mb-gcc -Wall -O0 -g3 -c -fmessage-length=0 -MT"src/main.o" -I../../nortos_udp_lb_bsp/microblaze_0/include -mlittle-endian -mcpu=v11.0 -mxl-soft-mul -Wl,--no-relax -ffunction-sections -fdata-sections -MMD -MP -MF"src/main.d" -MT"src/main.o" -o "src/main.o" "../src/main.c"
Finished building: ../src/main.c
 
Building target: nortos_udp_lb.elf
Invoking: MicroBlaze gcc linker
mb-gcc -Wl,-T -Wl,../src/lscript.ld -L../../nortos_udp_lb_bsp/microblaze_0/lib -mlittle-endian -mcpu=v11.0 -mxl-soft-mul -Wl,--no-relax -Wl,--gc-sections -o "nortos_udp_lb.elf"  ./src/echo.o ./src/i2c_access.o ./src/iic_phyreset.o ./src/main.o ./src/platform.o ./src/platform_mb.o ./src/platform_ppc.o ./src/platform_zynq.o ./src/platform_zynqmp.o ./src/sfp.o ./src/si5324.o   -Wl,--start-group,-lxil,-lgcc,-lc,--end-group -Wl,--start-group,-lxil,-llwip4,-lgcc,-lc,--end-group
Finished building target: nortos_udp_lb.elf
 
Invoking: MicroBlaze Print Size
mb-size nortos_udp_lb.elf  |tee "nortos_udp_lb.elf.size"
   text	   data	    bss	    dec	    hex	filename
  99892	   2240	3962340	4064472	 3e04d8	nortos_udp_lb.elf
Finished building: nortos_udp_lb.elf.size
 
21:40:51 **** Auto Build of configuration Debug for project nortos_udp_lb ****
make all 
Building file: ../src/echo.c
Invoking: MicroBlaze gcc compiler
mb-gcc -Wall -O0 -g3 -c -fmessage-length=0 -MT"src/echo.o" -I../../nortos_udp_lb_bsp/microblaze_0/include -mlittle-endian -mcpu=v11.0 -mxl-soft-mul -Wl,--no-relax -ffunction-sections -fdata-sections -MMD -MP -MF"src/echo.d" -MT"src/echo.o" -o "src/echo.o" "../src/echo.c"
../src/echo.c: In function 'lb_state_machine':
../src/echo.c:102:15: warning: implicit declaration of function 'fpgaIpToNum' [-Wimplicit-function-declaration]
    u8_t num = fpgaIpToNum(&addr);
               ^~~~~~~~~~~
../src/echo.c:100:11: warning: unused variable 'end' [-Wunused-variable]
    size_t end = idx;
           ^~~
../src/echo.c: At top level:
../src/echo.c:175:6: error: conflicting types for 'fpgaIpToNum'
 u8_t fpgaIpToNum(const ip_addr_t* ipaddr){
      ^~~~~~~~~~~
../src/echo.c:102:15: note: previous implicit declaration of 'fpgaIpToNum' was here
    u8_t num = fpgaIpToNum(&addr);
               ^~~~~~~~~~~
src/subdir.mk:51: recipe for target 'src/echo.o' failed
make: *** [src/echo.o] Error 1
21:51:16 **** Auto Build of configuration Debug for project nortos_udp_lb ****
make all 
Building file: ../src/echo.c
Invoking: MicroBlaze gcc compiler
mb-gcc -Wall -O0 -g3 -c -fmessage-length=0 -MT"src/echo.o" -I../../nortos_udp_lb_bsp/microblaze_0/include -mlittle-endian -mcpu=v11.0 -mxl-soft-mul -Wl,--no-relax -ffunction-sections -fdata-sections -MMD -MP -MF"src/echo.d" -MT"src/echo.o" -o "src/echo.o" "../src/echo.c"
../src/echo.c: In function 'lb_state_machine':
../src/echo.c:100:11: warning: unused variable 'end' [-Wunused-variable]
    size_t end = idx;
           ^~~
Finished building: ../src/echo.c
 
Building file: ../src/main.c
Invoking: MicroBlaze gcc compiler
mb-gcc -Wall -O0 -g3 -c -fmessage-length=0 -MT"src/main.o" -I../../nortos_udp_lb_bsp/microblaze_0/include -mlittle-endian -mcpu=v11.0 -mxl-soft-mul -Wl,--no-relax -ffunction-sections -fdata-sections -MMD -MP -MF"src/main.d" -MT"src/main.o" -o "src/main.o" "../src/main.c"
Finished building: ../src/main.c
 
Building target: nortos_udp_lb.elf
Invoking: MicroBlaze gcc linker
mb-gcc -Wl,-T -Wl,../src/lscript.ld -L../../nortos_udp_lb_bsp/microblaze_0/lib -mlittle-endian -mcpu=v11.0 -mxl-soft-mul -Wl,--no-relax -Wl,--gc-sections -o "nortos_udp_lb.elf"  ./src/echo.o ./src/i2c_access.o ./src/iic_phyreset.o ./src/main.o ./src/platform.o ./src/platform_mb.o ./src/platform_ppc.o ./src/platform_zynq.o ./src/platform_zynqmp.o ./src/sfp.o ./src/si5324.o   -Wl,--start-group,-lxil,-lgcc,-lc,--end-group -Wl,--start-group,-lxil,-llwip4,-lgcc,-lc,--end-group
Finished building target: nortos_udp_lb.elf
 
Invoking: MicroBlaze Print Size
mb-size nortos_udp_lb.elf  |tee "nortos_udp_lb.elf.size"
   text	   data	    bss	    dec	    hex	filename
 100960	   2240	3962336	4065536	 3e0900	nortos_udp_lb.elf
Finished building: nortos_udp_lb.elf.size
 
21:56:08 **** Auto Build of configuration Debug for project nortos_udp_lb ****
make all 
Building file: ../src/echo.c
Invoking: MicroBlaze gcc compiler
mb-gcc -Wall -O0 -g3 -c -fmessage-length=0 -MT"src/echo.o" -I../../nortos_udp_lb_bsp/microblaze_0/include -mlittle-endian -mcpu=v11.0 -mxl-soft-mul -Wl,--no-relax -ffunction-sections -fdata-sections -MMD -MP -MF"src/echo.d" -MT"src/echo.o" -o "src/echo.o" "../src/echo.c"
Finished building: ../src/echo.c
 
Building target: nortos_udp_lb.elf
Invoking: MicroBlaze gcc linker
mb-gcc -Wl,-T -Wl,../src/lscript.ld -L../../nortos_udp_lb_bsp/microblaze_0/lib -mlittle-endian -mcpu=v11.0 -mxl-soft-mul -Wl,--no-relax -Wl,--gc-sections -o "nortos_udp_lb.elf"  ./src/echo.o ./src/i2c_access.o ./src/iic_phyreset.o ./src/main.o ./src/platform.o ./src/platform_mb.o ./src/platform_ppc.o ./src/platform_zynq.o ./src/platform_zynqmp.o ./src/sfp.o ./src/si5324.o   -Wl,--start-group,-lxil,-lgcc,-lc,--end-group -Wl,--start-group,-lxil,-llwip4,-lgcc,-lc,--end-group
Finished building target: nortos_udp_lb.elf
 
Invoking: MicroBlaze Print Size
mb-size nortos_udp_lb.elf  |tee "nortos_udp_lb.elf.size"
   text	   data	    bss	    dec	    hex	filename
 100952	   2240	3962336	4065528	 3e08f8	nortos_udp_lb.elf
Finished building: nortos_udp_lb.elf.size
 
22:01:20 **** Auto Build of configuration Debug for project nortos_udp_lb ****
make all 
Building file: ../src/echo.c
Invoking: MicroBlaze gcc compiler
mb-gcc -Wall -O0 -g3 -c -fmessage-length=0 -MT"src/echo.o" -I../../nortos_udp_lb_bsp/microblaze_0/include -mlittle-endian -mcpu=v11.0 -mxl-soft-mul -Wl,--no-relax -ffunction-sections -fdata-sections -MMD -MP -MF"src/echo.d" -MT"src/echo.o" -o "src/echo.o" "../src/echo.c"
Finished building: ../src/echo.c
 
Building target: nortos_udp_lb.elf
Invoking: MicroBlaze gcc linker
mb-gcc -Wl,-T -Wl,../src/lscript.ld -L../../nortos_udp_lb_bsp/microblaze_0/lib -mlittle-endian -mcpu=v11.0 -mxl-soft-mul -Wl,--no-relax -Wl,--gc-sections -o "nortos_udp_lb.elf"  ./src/echo.o ./src/i2c_access.o ./src/iic_phyreset.o ./src/main.o ./src/platform.o ./src/platform_mb.o ./src/platform_ppc.o ./src/platform_zynq.o ./src/platform_zynqmp.o ./src/sfp.o ./src/si5324.o   -Wl,--start-group,-lxil,-lgcc,-lc,--end-group -Wl,--start-group,-lxil,-llwip4,-lgcc,-lc,--end-group
Finished building target: nortos_udp_lb.elf
 
Invoking: MicroBlaze Print Size
mb-size nortos_udp_lb.elf  |tee "nortos_udp_lb.elf.size"
   text	   data	    bss	    dec	    hex	filename
 100956	   2240	3962340	4065536	 3e0900	nortos_udp_lb.elf
Finished building: nortos_udp_lb.elf.size
 
