#-----------------------------------------------------------
# Webtalk v2018.3.1 (64-bit)
# SW Build 2489853 on Tue Mar 26 04:18:30 MDT 2019
# IP Build 2486929 on Tue Mar 26 06:44:21 MDT 2019
# Start of session at: Sun Mar 14 21:10:59 2021
# Process ID: 10131
# Current directory: /home/andrew/infernet/accelerator/MNIST_Solver/MNIST_Solver.sim/sim_1/impl/func/xsim
# Command line: wbtcv -mode batch -source /home/andrew/infernet/accelerator/MNIST_Solver/MNIST_Solver.sim/sim_1/impl/func/xsim/xsim.dir/Conv_1_Channel_TB_func_impl/webtalk/xsim_webtalk.tcl -notrace
# Log file: /home/andrew/infernet/accelerator/MNIST_Solver/MNIST_Solver.sim/sim_1/impl/func/xsim/webtalk.log
# Journal file: /home/andrew/infernet/accelerator/MNIST_Solver/MNIST_Solver.sim/sim_1/impl/func/xsim/webtalk.jou
#-----------------------------------------------------------
source /home/andrew/infernet/accelerator/MNIST_Solver/MNIST_Solver.sim/sim_1/impl/func/xsim/xsim.dir/Conv_1_Channel_TB_func_impl/webtalk/xsim_webtalk.tcl -notrace
