#-----------------------------------------------------------
# Vivado v2018.3.1 (64-bit)
# SW Build 2489853 on Tue Mar 26 04:18:30 MDT 2019
# IP Build 2486929 on Tue Mar 26 06:44:21 MDT 2019
# Start of session at: Wed Feb 17 15:41:36 2021
# Process ID: 24874
# Current directory: /home/quinn/ece532-project/accelerator/tri_mode_ethernet_mac_0_ex
# Command line: vivado tri_mode_ethernet_mac_0_ex.xpr
# Log file: /home/quinn/ece532-project/accelerator/tri_mode_ethernet_mac_0_ex/vivado.log
# Journal file: /home/quinn/ece532-project/accelerator/tri_mode_ethernet_mac_0_ex/vivado.jou
#-----------------------------------------------------------
start_gui
open_project tri_mode_ethernet_mac_0_ex.xpr
update_compile_order -fileset sources_1
launch_simulation
open_wave_config /home/quinn/ece532-project/accelerator/tri_mode_ethernet_mac_0_ex/demo_tb_behav.wcfg
source tri_mode_ethernet_mac_0_example_design.tcl
update_compile_order -fileset sim_1
launch_simulation
open_wave_config /home/quinn/ece532-project/accelerator/tri_mode_ethernet_mac_0_ex/demo_tb_behav.wcfg
source demo_tb.tcl
close_sim
launch_simulation
open_wave_config /home/quinn/ece532-project/accelerator/tri_mode_ethernet_mac_0_ex/demo_tb_behav.wcfg
source demo_tb.tcl
update_compile_order -fileset sources_1
close_sim
launch_simulation
open_wave_config /home/quinn/ece532-project/accelerator/tri_mode_ethernet_mac_0_ex/demo_tb_behav.wcfg
source demo_tb.tcl
close_sim
launch_simulation
open_wave_config /home/quinn/ece532-project/accelerator/tri_mode_ethernet_mac_0_ex/demo_tb_behav.wcfg
source demo_tb.tcl
update_compile_order -fileset sources_1
close_sim
launch_simulation
open_wave_config /home/quinn/ece532-project/accelerator/tri_mode_ethernet_mac_0_ex/demo_tb_behav.wcfg
source demo_tb.tcl
reset_run synth_1
close_sim
launch_simulation
open_wave_config /home/quinn/ece532-project/accelerator/tri_mode_ethernet_mac_0_ex/demo_tb_behav.wcfg
source demo_tb.tcl
close_sim
launch_simulation
open_wave_config /home/quinn/ece532-project/accelerator/tri_mode_ethernet_mac_0_ex/demo_tb_behav.wcfg
source demo_tb.tcl
update_compile_order -fileset sources_1
close_sim
launch_simulation
open_wave_config /home/quinn/ece532-project/accelerator/tri_mode_ethernet_mac_0_ex/demo_tb_behav.wcfg
source demo_tb.tcl
update_compile_order -fileset sources_1
close_sim
launch_simulation
open_wave_config /home/quinn/ece532-project/accelerator/tri_mode_ethernet_mac_0_ex/demo_tb_behav.wcfg
source demo_tb.tcl
update_compile_order -fileset sources_1
current_wave_config {demo_tb_behav.wcfg}
add_wave {{/demo_tb/dut}} 
relaunch_sim
save_wave_config {/home/quinn/ece532-project/accelerator/tri_mode_ethernet_mac_0_ex/demo_tb_behav.wcfg}
close_sim
launch_simulation
open_wave_config /home/quinn/ece532-project/accelerator/tri_mode_ethernet_mac_0_ex/demo_tb_behav.wcfg
source demo_tb.tcl
current_wave_config {demo_tb_behav.wcfg}
add_wave {{/demo_tb/dut/ip_layer_inst/rx}} 
relaunch_sim
save_wave_config {/home/quinn/ece532-project/accelerator/tri_mode_ethernet_mac_0_ex/demo_tb_behav.wcfg}
close_sim
launch_simulation
open_wave_config /home/quinn/ece532-project/accelerator/tri_mode_ethernet_mac_0_ex/demo_tb_behav.wcfg
source demo_tb.tcl
close_sim
launch_simulation
open_wave_config /home/quinn/ece532-project/accelerator/tri_mode_ethernet_mac_0_ex/demo_tb_behav.wcfg
source demo_tb.tcl
save_wave_config {/home/quinn/ece532-project/accelerator/tri_mode_ethernet_mac_0_ex/demo_tb_behav.wcfg}
close_sim
launch_simulation
open_wave_config /home/quinn/ece532-project/accelerator/tri_mode_ethernet_mac_0_ex/demo_tb_behav.wcfg
source demo_tb.tcl
close_sim
launch_simulation
open_wave_config /home/quinn/ece532-project/accelerator/tri_mode_ethernet_mac_0_ex/demo_tb_behav.wcfg
source demo_tb.tcl
close_sim
launch_simulation
open_wave_config /home/quinn/ece532-project/accelerator/tri_mode_ethernet_mac_0_ex/demo_tb_behav.wcfg
source demo_tb.tcl
close_sim
launch_simulation
open_wave_config /home/quinn/ece532-project/accelerator/tri_mode_ethernet_mac_0_ex/demo_tb_behav.wcfg
source demo_tb.tcl
close_sim
launch_simulation
open_wave_config /home/quinn/ece532-project/accelerator/tri_mode_ethernet_mac_0_ex/demo_tb_behav.wcfg
source demo_tb.tcl
close_sim
launch_simulation
open_wave_config /home/quinn/ece532-project/accelerator/tri_mode_ethernet_mac_0_ex/demo_tb_behav.wcfg
source demo_tb.tcl
current_wave_config {demo_tb_behav.wcfg}
add_wave {{/demo_tb}} 
save_wave_config {/home/quinn/ece532-project/accelerator/tri_mode_ethernet_mac_0_ex/demo_tb_behav.wcfg}
close_sim
launch_simulation
open_wave_config /home/quinn/ece532-project/accelerator/tri_mode_ethernet_mac_0_ex/demo_tb_behav.wcfg
source demo_tb.tcl
set_property file_type SystemVerilog [get_files  /home/quinn/ece532-project/accelerator/tri_mode_ethernet_mac_0_ex/imports/demo_tb.v]
export_ip_user_files -of_objects  [get_files /home/quinn/ece532-project/accelerator/tri_mode_ethernet_mac_0_ex/imports/demo_tb.v] -no_script -reset -force -quiet
remove_files  -fileset sim_1 /home/quinn/ece532-project/accelerator/tri_mode_ethernet_mac_0_ex/imports/demo_tb.v
update_compile_order -fileset sim_1
set_property SOURCE_SET sources_1 [get_filesets sim_1]
add_files -fileset sim_1 -norecurse /home/quinn/ece532-project/accelerator/tri_mode_ethernet_mac_0_ex/imports/demo_tb.sv
update_compile_order -fileset sim_1
# Disabling source management mode.  This is to allow the top design properties to be set without GUI intervention.
set_property source_mgmt_mode None [current_project]
set_property top demo_tb [get_filesets sim_1]
set_property top_lib xil_defaultlib [get_filesets sim_1]
# Re-enabling previously disabled source management mode.
set_property source_mgmt_mode All [current_project]
update_compile_order -fileset sim_1
close_sim
launch_simulation
open_wave_config /home/quinn/ece532-project/accelerator/tri_mode_ethernet_mac_0_ex/demo_tb_behav.wcfg
source demo_tb.tcl
close_sim
launch_simulation
open_wave_config /home/quinn/ece532-project/accelerator/tri_mode_ethernet_mac_0_ex/demo_tb_behav.wcfg
source demo_tb.tcl
current_wave_config {demo_tb_behav.wcfg}
add_wave {{/demo_tb}} 
relaunch_sim
update_compile_order -fileset sim_1
update_compile_order -fileset sim_1
save_wave_config {/home/quinn/ece532-project/accelerator/tri_mode_ethernet_mac_0_ex/demo_tb_behav.wcfg}
close_sim
launch_simulation
open_wave_config /home/quinn/ece532-project/accelerator/tri_mode_ethernet_mac_0_ex/demo_tb_behav.wcfg
source demo_tb.tcl
close_sim
launch_simulation
open_wave_config /home/quinn/ece532-project/accelerator/tri_mode_ethernet_mac_0_ex/demo_tb_behav.wcfg
source demo_tb.tcl
close_sim
launch_simulation
open_wave_config /home/quinn/ece532-project/accelerator/tri_mode_ethernet_mac_0_ex/demo_tb_behav.wcfg
source demo_tb.tcl
close_sim
launch_simulation
open_wave_config /home/quinn/ece532-project/accelerator/tri_mode_ethernet_mac_0_ex/demo_tb_behav.wcfg
source demo_tb.tcl
