Copyright 1986-2019 Xilinx, Inc. All Rights Reserved.
---------------------------------------------------------------------------------------------------------------------------------------------------------------------------------------------------------------------------------------------------
| Tool Version : Vivado v.2018.3.1 (lin64) Build 2489853 Tue Mar 26 04:18:30 MDT 2019
| Date         : Wed Feb 24 20:12:13 2021
| Host         : hw-dev running 64-bit Ubuntu 18.04.5 LTS
| Command      : report_bus_skew -warn_on_violation -file tri_mode_ethernet_mac_0_example_design_bus_skew_routed.rpt -pb tri_mode_ethernet_mac_0_example_design_bus_skew_routed.pb -rpx tri_mode_ethernet_mac_0_example_design_bus_skew_routed.rpx
| Design       : tri_mode_ethernet_mac_0_example_design
| Device       : 7a100t-csg324
| Speed File   : -1  PRODUCTION 1.23 2018-06-13
---------------------------------------------------------------------------------------------------------------------------------------------------------------------------------------------------------------------------------------------------

Bus Skew Report

No bus skew constraints

