Copyright 1986-2019 Xilinx, Inc. All Rights Reserved.
---------------------------------------------------------------------------------------------------------------------------------------------------------------------------------
| Tool Version : Vivado v.2018.3.1 (lin64) Build 2489853 Tue Mar 26 04:18:30 MDT 2019
| Date         : Sun Mar 28 21:44:42 2021
| Host         : andrew-debian running 64-bit Debian GNU/Linux 10 (buster)
| Command      : report_utilization -file tri_mode_ethernet_mac_0_example_design_ddr_utilization_placed.rpt -pb tri_mode_ethernet_mac_0_example_design_ddr_utilization_placed.pb
| Design       : tri_mode_ethernet_mac_0_example_design_ddr
| Device       : 7a100tcsg324-1
| Design State : Fully Placed
---------------------------------------------------------------------------------------------------------------------------------------------------------------------------------

Utilization Design Information

Table of Contents
-----------------
1. Slice Logic
1.1 Summary of Registers by Type
2. Slice Logic Distribution
3. Memory
4. DSP
5. IO and GT Specific
6. Clocking
7. Specific Feature
8. Primitives
9. Black Boxes
10. Instantiated Netlists

1. Slice Logic
--------------

+----------------------------+-------+-------+-----------+-------+
|          Site Type         |  Used | Fixed | Available | Util% |
+----------------------------+-------+-------+-----------+-------+
| Slice LUTs                 | 12195 |     0 |     63400 | 19.24 |
|   LUT as Logic             | 11012 |     0 |     63400 | 17.37 |
|   LUT as Memory            |  1183 |     0 |     19000 |  6.23 |
|     LUT as Distributed RAM |   309 |     0 |           |       |
|     LUT as Shift Register  |   874 |     0 |           |       |
| Slice Registers            | 17201 |    12 |    126800 | 13.57 |
|   Register as Flip Flop    | 17201 |    12 |    126800 | 13.57 |
|   Register as Latch        |     0 |     0 |    126800 |  0.00 |
| F7 Muxes                   |   232 |     0 |     31700 |  0.73 |
| F8 Muxes                   |    34 |     0 |     15850 |  0.21 |
+----------------------------+-------+-------+-----------+-------+


1.1 Summary of Registers by Type
--------------------------------

+-------+--------------+-------------+--------------+
| Total | Clock Enable | Synchronous | Asynchronous |
+-------+--------------+-------------+--------------+
| 0     |            _ |           - |            - |
| 0     |            _ |           - |          Set |
| 0     |            _ |           - |        Reset |
| 0     |            _ |         Set |            - |
| 0     |            _ |       Reset |            - |
| 0     |          Yes |           - |            - |
| 111   |          Yes |           - |          Set |
| 218   |          Yes |           - |        Reset |
| 938   |          Yes |         Set |            - |
| 15934 |          Yes |       Reset |            - |
+-------+--------------+-------------+--------------+


2. Slice Logic Distribution
---------------------------

+--------------------------------------------+-------+-------+-----------+-------+
|                  Site Type                 |  Used | Fixed | Available | Util% |
+--------------------------------------------+-------+-------+-----------+-------+
| Slice                                      |  6590 |     0 |     15850 | 41.58 |
|   SLICEL                                   |  4348 |     0 |           |       |
|   SLICEM                                   |  2242 |     0 |           |       |
| LUT as Logic                               | 11012 |     0 |     63400 | 17.37 |
|   using O5 output only                     |     8 |       |           |       |
|   using O6 output only                     | 10177 |       |           |       |
|   using O5 and O6                          |   827 |       |           |       |
| LUT as Memory                              |  1183 |     0 |     19000 |  6.23 |
|   LUT as Distributed RAM                   |   309 |     0 |           |       |
|     using O5 output only                   |     0 |       |           |       |
|     using O6 output only                   |   285 |       |           |       |
|     using O5 and O6                        |    24 |       |           |       |
|   LUT as Shift Register                    |   874 |     0 |           |       |
|     using O5 output only                   |    10 |       |           |       |
|     using O6 output only                   |   130 |       |           |       |
|     using O5 and O6                        |   734 |       |           |       |
| Slice Registers                            | 17201 |     0 |    126800 | 13.57 |
|   Register driven from within the Slice    |  7997 |       |           |       |
|   Register driven from outside the Slice   |  9204 |       |           |       |
|     LUT in front of the register is unused |  7447 |       |           |       |
|     LUT in front of the register is used   |  1757 |       |           |       |
| Unique Control Sets                        |   633 |       |     15850 |  3.99 |
+--------------------------------------------+-------+-------+-----------+-------+
* Note: Available Control Sets calculated as Slice Registers / 8, Review the Control Sets Report for more information regarding control sets.


3. Memory
---------

+-------------------+------+-------+-----------+-------+
|     Site Type     | Used | Fixed | Available | Util% |
+-------------------+------+-------+-----------+-------+
| Block RAM Tile    |   36 |     0 |       135 | 26.67 |
|   RAMB36/FIFO*    |   17 |     0 |       135 | 12.59 |
|     RAMB36E1 only |   17 |       |           |       |
|   RAMB18          |   38 |     0 |       270 | 14.07 |
|     RAMB18E1 only |   38 |       |           |       |
+-------------------+------+-------+-----------+-------+
* Note: Each Block RAM Tile only has one FIFO logic available and therefore can accommodate only one FIFO36E1 or one FIFO18E1. However, if a FIFO18E1 occupies a Block RAM Tile, that tile can still accommodate a RAMB18E1


4. DSP
------

+----------------+------+-------+-----------+-------+
|    Site Type   | Used | Fixed | Available | Util% |
+----------------+------+-------+-----------+-------+
| DSPs           |  164 |     0 |       240 | 68.33 |
|   DSP48E1 only |  164 |       |           |       |
+----------------+------+-------+-----------+-------+


5. IO and GT Specific
---------------------

+-----------------------------+------+-------+-----------+-------+
|          Site Type          | Used | Fixed | Available | Util% |
+-----------------------------+------+-------+-----------+-------+
| Bonded IOB                  |   11 |    11 |       210 |  5.24 |
|   IOB Master Pads           |    5 |       |           |       |
|   IOB Slave Pads            |    6 |       |           |       |
| Bonded IPADs                |    0 |     0 |         2 |  0.00 |
| PHY_CONTROL                 |    0 |     0 |         6 |  0.00 |
| PHASER_REF                  |    0 |     0 |         6 |  0.00 |
| OUT_FIFO                    |    0 |     0 |        24 |  0.00 |
| IN_FIFO                     |    0 |     0 |        24 |  0.00 |
| IDELAYCTRL                  |    0 |     0 |         6 |  0.00 |
| IBUFDS                      |    0 |     0 |       202 |  0.00 |
| PHASER_OUT/PHASER_OUT_PHY   |    0 |     0 |        24 |  0.00 |
| PHASER_IN/PHASER_IN_PHY     |    0 |     0 |        24 |  0.00 |
| IDELAYE2/IDELAYE2_FINEDELAY |    0 |     0 |       300 |  0.00 |
| ILOGIC                      |    0 |     0 |       210 |  0.00 |
| OLOGIC                      |    0 |     0 |       210 |  0.00 |
+-----------------------------+------+-------+-----------+-------+


6. Clocking
-----------

+------------+------+-------+-----------+-------+
|  Site Type | Used | Fixed | Available | Util% |
+------------+------+-------+-----------+-------+
| BUFGCTRL   |    7 |     0 |        32 | 21.88 |
| BUFIO      |    0 |     0 |        24 |  0.00 |
| MMCME2_ADV |    1 |     0 |         6 | 16.67 |
| PLLE2_ADV  |    0 |     0 |         6 |  0.00 |
| BUFMRCE    |    0 |     0 |        12 |  0.00 |
| BUFHCE     |    0 |     0 |        96 |  0.00 |
| BUFR       |    2 |     0 |        24 |  8.33 |
+------------+------+-------+-----------+-------+


7. Specific Feature
-------------------

+-------------+------+-------+-----------+-------+
|  Site Type  | Used | Fixed | Available | Util% |
+-------------+------+-------+-----------+-------+
| BSCANE2     |    1 |     0 |         4 | 25.00 |
| CAPTUREE2   |    0 |     0 |         1 |  0.00 |
| DNA_PORT    |    0 |     0 |         1 |  0.00 |
| EFUSE_USR   |    0 |     0 |         1 |  0.00 |
| FRAME_ECCE2 |    0 |     0 |         1 |  0.00 |
| ICAPE2      |    0 |     0 |         2 |  0.00 |
| PCIE_2_1    |    0 |     0 |         1 |  0.00 |
| STARTUPE2   |    0 |     0 |         1 |  0.00 |
| XADC        |    0 |     0 |         1 |  0.00 |
+-------------+------+-------+-----------+-------+


8. Primitives
-------------

+------------+-------+---------------------+
|  Ref Name  |  Used | Functional Category |
+------------+-------+---------------------+
| FDRE       | 15934 |        Flop & Latch |
| LUT6       |  3792 |                 LUT |
| LUT2       |  2626 |                 LUT |
| LUT4       |  2382 |                 LUT |
| LUT5       |  1452 |                 LUT |
| LUT3       |  1223 |                 LUT |
| CARRY4     |  1144 |          CarryLogic |
| SRL16E     |  1052 |  Distributed Memory |
| FDSE       |   938 |        Flop & Latch |
| SRLC32E    |   550 |  Distributed Memory |
| LUT1       |   364 |                 LUT |
| RAMD64E    |   274 |  Distributed Memory |
| MUXF7      |   232 |               MuxFx |
| FDCE       |   218 |        Flop & Latch |
| DSP48E1    |   164 |    Block Arithmetic |
| FDPE       |   111 |        Flop & Latch |
| RAMB18E1   |    38 |        Block Memory |
| RAMD32     |    36 |  Distributed Memory |
| MUXF8      |    34 |               MuxFx |
| RAMB36E1   |    17 |        Block Memory |
| RAMS32     |    12 |  Distributed Memory |
| RAMS64E    |    11 |  Distributed Memory |
| BUFG       |     7 |               Clock |
| SRLC16E    |     6 |  Distributed Memory |
| IBUF       |     6 |                  IO |
| OBUF       |     5 |                  IO |
| BUFR       |     2 |               Clock |
| OBUFT      |     1 |                  IO |
| MMCME2_ADV |     1 |               Clock |
| BSCANE2    |     1 |              Others |
+------------+-------+---------------------+


9. Black Boxes
--------------

+----------+------+
| Ref Name | Used |
+----------+------+


10. Instantiated Netlists
-------------------------

+-------------------------+------+
|         Ref Name        | Used |
+-------------------------+------+
| Mult_Add_Pipelined_COL  |  108 |
| Conv_1_BRAM             |   33 |
| Mult_Add_Global_Average |   30 |
| Mult_Add_Pipelined_NC   |   26 |
| u_ila_2                 |    1 |
| u_ila_1                 |    1 |
| u_ila_0                 |    1 |
| tri_mode_ethernet_mac_0 |    1 |
| mii_to_rmii_0           |    1 |
| dbg_hub                 |    1 |
| clk_wiz_0               |    1 |
| blk_mem_gen_0           |    1 |
| accelerator_controls    |    1 |
+-------------------------+------+


