#-----------------------------------------------------------
# Vivado v2018.3.1 (64-bit)
# SW Build 2489853 on Tue Mar 26 04:18:30 MDT 2019
# IP Build 2486929 on Tue Mar 26 06:44:21 MDT 2019
# Start of session at: Mon Mar  1 12:05:45 2021
# Process ID: 4879
# Current directory: /home/quinn/ece532-project/accelerator/tri_mode_ethernet_mac_0_ex/tri_mode_ethernet_mac_0_ex.runs/impl_1
# Command line: vivado -log tri_mode_ethernet_mac_0_example_design_ddr.vdi -applog -product Vivado -messageDb vivado.pb -mode batch -source tri_mode_ethernet_mac_0_example_design_ddr.tcl -notrace
# Log file: /home/quinn/ece532-project/accelerator/tri_mode_ethernet_mac_0_ex/tri_mode_ethernet_mac_0_ex.runs/impl_1/tri_mode_ethernet_mac_0_example_design_ddr.vdi
# Journal file: /home/quinn/ece532-project/accelerator/tri_mode_ethernet_mac_0_ex/tri_mode_ethernet_mac_0_ex.runs/impl_1/vivado.jou
#-----------------------------------------------------------
source tri_mode_ethernet_mac_0_example_design_ddr.tcl -notrace
