Copyright 1986-2019 Xilinx, Inc. All Rights Reserved.
-----------------------------------------------------------------------------------------
| Tool Version : Vivado v.2018.3.1 (lin64) Build 2489853 Tue Mar 26 04:18:30 MDT 2019
| Date         : Mon Mar 15 16:05:51 2021
| Host         : andrew-debian running 64-bit Debian GNU/Linux 10 (buster)
| Command      : report_control_sets -verbose -file MNIST_Solver_control_sets_placed.rpt
| Design       : MNIST_Solver
| Device       : xc7a100t
-----------------------------------------------------------------------------------------

Control Set Information

Table of Contents
-----------------
1. Summary
2. Histogram
3. Flip-Flop Distribution
4. Detailed Control Set Information

1. Summary
----------

+----------------------------------------------------------+-------+
|                          Status                          | Count |
+----------------------------------------------------------+-------+
| Number of unique control sets                            |    16 |
| Unused register locations in slices containing registers |    82 |
+----------------------------------------------------------+-------+


2. Histogram
------------

+--------+--------------+
| Fanout | Control Sets |
+--------+--------------+
|      1 |            1 |
|      4 |            1 |
|      5 |            4 |
|    16+ |           10 |
+--------+--------------+


3. Flip-Flop Distribution
-------------------------

+--------------+-----------------------+------------------------+-----------------+--------------+
| Clock Enable | Synchronous Set/Reset | Asynchronous Set/Reset | Total Registers | Total Slices |
+--------------+-----------------------+------------------------+-----------------+--------------+
| No           | No                    | No                     |               1 |            1 |
| No           | No                    | Yes                    |               0 |            0 |
| No           | Yes                   | No                     |             219 |           81 |
| Yes          | No                    | No                     |               0 |            0 |
| Yes          | No                    | Yes                    |               0 |            0 |
| Yes          | Yes                   | No                     |             186 |           51 |
+--------------+-----------------------+------------------------+-----------------+--------------+


4. Detailed Control Set Information
-----------------------------------

+------------------+------------------------------------+---------------------------------------+------------------+----------------+
|   Clock Signal   |            Enable Signal           |            Set/Reset Signal           | Slice Load Count | Bel Load Count |
+------------------+------------------------------------+---------------------------------------+------------------+----------------+
|  clock_IBUF_BUFG |                                    |                                       |                1 |              1 |
|  clock_IBUF_BUFG | DUT/move_window_counter[3]_i_1_n_0 | DUT/conv_channels_gen[0].kernel/SR[0] |                1 |              4 |
|  clock_IBUF_BUFG | DUT/cell_row_offset[4]_i_1_n_0     | DUT/cell_col_offset[4]_i_1_n_0        |                2 |              5 |
|  clock_IBUF_BUFG | DUT/obuf_w_en                      | DUT/clear                             |                3 |              5 |
|  clock_IBUF_BUFG | DUT/read_enable                    | DUT/cell_col_offset[4]_i_1_n_0        |                2 |              5 |
|  clock_IBUF_BUFG | DUT/sel                            | DUT/clear                             |                2 |              5 |
|  clock_IBUF_BUFG | DUT/kernel_in0_in                  | DUT/kernel_in                         |                5 |             18 |
|  clock_IBUF_BUFG | DUT/kernel_in[0][0][17]_i_2_n_0    | DUT/kernel_in[0][0][17]_i_1_n_0       |                4 |             18 |
|  clock_IBUF_BUFG | DUT/kernel_in[0][1][17]_i_2_n_0    | DUT/kernel_in[0][1][17]_i_1_n_0       |                5 |             18 |
|  clock_IBUF_BUFG | DUT/kernel_in[0][2][17]_i_2_n_0    | DUT/kernel_in[0][2][17]_i_1_n_0       |                4 |             18 |
|  clock_IBUF_BUFG | DUT/kernel_in[1][0][17]_i_2_n_0    | DUT/kernel_in[1][0][17]_i_1_n_0       |                5 |             18 |
|  clock_IBUF_BUFG | DUT/kernel_in[1][1][17]_i_2_n_0    | DUT/kernel_in[1][1][17]_i_1_n_0       |                5 |             18 |
|  clock_IBUF_BUFG | DUT/kernel_in[1][2][17]_i_2_n_0    | DUT/kernel_in[1][2][17]_i_1_n_0       |                5 |             18 |
|  clock_IBUF_BUFG | DUT/kernel_in[2][0][17]_i_2_n_0    | DUT/kernel_in[2][0][17]_i_1_n_0       |                4 |             18 |
|  clock_IBUF_BUFG | DUT/kernel_in[2][1][17]_i_2_n_0    | DUT/kernel_in[2][1][17]_i_1_n_0       |                4 |             18 |
|  clock_IBUF_BUFG |                                    | DUT/conv_channels_gen[0].kernel/SR[0] |               81 |            219 |
+------------------+------------------------------------+---------------------------------------+------------------+----------------+


